\BOOKMARK [0][-]{Doc-Start}{\376\377\000H\000A\000L\000A\000M\000A\000N\000\040\000S\000A\000M\000P\000U\000L}{}% 1
\BOOKMARK [0][-]{section*.3}{\376\377\000D\000A\000F\000T\000A\000R\000\040\000I\000S\000I}{}% 2
\BOOKMARK [0][-]{section*.5}{\376\377\000D\000A\000F\000T\000A\000R\000\040\000T\000A\000B\000E\000L}{}% 3
\BOOKMARK [0][-]{section*.7}{\376\377\000D\000A\000F\000T\000A\000R\000\040\000G\000A\000M\000B\000A\000R}{}% 4
\BOOKMARK [0][-]{chapter.1}{\376\377\000P\000E\000N\000D\000A\000H\000U\000L\000U\000A\000N}{}% 5
\BOOKMARK [1][-]{section.1.1}{\376\377\000L\000a\000t\000a\000r\000\040\000B\000e\000l\000a\000k\000a\000n\000g}{chapter.1}% 6
\BOOKMARK [1][-]{section.1.2}{\376\377\000R\000u\000m\000u\000s\000a\000n\000\040\000M\000a\000s\000a\000l\000a\000h}{chapter.1}% 7
\BOOKMARK [1][-]{section.1.3}{\376\377\000B\000a\000t\000a\000s\000a\000n\000\040\000P\000e\000n\000e\000l\000i\000t\000i\000a\000n}{chapter.1}% 8
\BOOKMARK [1][-]{section.1.4}{\376\377\000T\000u\000j\000u\000a\000n\000\040\000P\000e\000n\000e\000l\000i\000t\000i\000a\000n}{chapter.1}% 9
\BOOKMARK [1][-]{section.1.5}{\376\377\000M\000a\000n\000f\000a\000a\000t\000\040\000P\000e\000n\000e\000l\000i\000t\000i\000a\000n}{chapter.1}% 10
\BOOKMARK [1][-]{section.1.6}{\376\377\000S\000i\000s\000t\000e\000m\000a\000t\000i\000k\000a\000\040\000P\000e\000n\000e\000l\000i\000t\000i\000a\000n}{chapter.1}% 11
\BOOKMARK [0][-]{chapter.2}{\376\377\000T\000I\000N\000J\000A\000U\000A\000N\000\040\000P\000U\000S\000T\000A\000K\000A}{}% 12
\BOOKMARK [1][-]{section.2.1}{\376\377\000A\000s\000u\000m\000s\000i\000\040\000P\000e\000r\000i\000l\000a\000k\000u\000\040\000L\000a\000w\000a\000n\000\040\000d\000a\000l\000a\000m\000\040\000p\000e\000m\000o\000d\000e\000l\000a\000n\000\040\000l\000a\000w\000a\000n\000\040\000u\000n\000t\000u\000k\000\040\000R\000e\000p\000e\000a\000t\000e\000d\000\040\000G\000a\000m\000e\000s}{chapter.2}% 13
\BOOKMARK [1][-]{section.2.2}{\376\377\000P\000e\000n\000d\000e\000k\000a\000t\000a\000n\000\040\000m\000e\000t\000o\000d\000o\000l\000o\000g\000i\000s\000\040\000d\000a\000l\000a\000m\000\040\000p\000e\000m\000o\000d\000e\000l\000a\000n\000\040\000l\000a\000w\000a\000n\000\040\000u\000n\000t\000u\000k\000\040\000R\000e\000p\000e\000a\000t\000e\000d\000\040\000G\000a\000m\000e\000s}{chapter.2}% 14
\BOOKMARK [1][-]{section.2.3}{\376\377\000B\000a\000g\000a\000i\000m\000a\000n\000a\000\040\000e\000f\000e\000k\000t\000i\000v\000i\000t\000a\000s\000\040\000s\000t\000r\000a\000t\000e\000g\000i\000\040\000p\000e\000m\000o\000d\000e\000l\000a\000n\000\040\000l\000a\000w\000a\000n\000\040\000d\000i\000e\000v\000a\000l\000u\000a\000s\000i\000\040\000d\000a\000l\000a\000m\000\040\000R\000e\000p\000e\000a\000t\000e\000d\000\040\000G\000a\000m\000e\000s\000?}{chapter.2}% 15
\BOOKMARK [0][-]{chapter.3}{\376\377\000L\000A\000N\000D\000A\000S\000A\000N\000\040\000T\000E\000O\000R\000I}{}% 16
\BOOKMARK [1][-]{section.3.1}{\376\377\000D\000i\000l\000e\000m\000a\000\040\000S\000o\000s\000i\000a\000l}{chapter.3}% 17
\BOOKMARK [1][-]{section.3.2}{\376\377\000G\000a\000m\000e\000\040\000T\000h\000e\000o\000r\000y}{chapter.3}% 18
\BOOKMARK [1][-]{section.3.3}{\376\377\000P\000r\000i\000s\000o\000n\000e\000r\000'\000s\000\040\000D\000i\000l\000e\000m\000m\000a}{chapter.3}% 19
\BOOKMARK [1][-]{section.3.4}{\376\377\000P\000r\000i\000s\000o\000n\000e\000r\000'\000s\000\040\000D\000i\000l\000e\000m\000m\000a\000\040\000B\000e\000r\000u\000l\000a\000n\000g}{chapter.3}% 20
\BOOKMARK [2][-]{subsection.3.4.1}{\376\377\000H\000o\000r\000i\000z\000o\000n\000\040\000T\000e\000r\000b\000a\000t\000a\000s}{section.3.4}% 21
\BOOKMARK [2][-]{subsection.3.4.2}{\376\377\000D\000e\000f\000i\000n\000i\000s\000i\000\040\000R\000i\000w\000a\000y\000a\000t\000\040\000I\000n\000t\000e\000r\000a\000k\000s\000i\000\040\000p\000a\000d\000a\000\040\000m\000e\000k\000a\000n\000i\000s\000m\000e\000\040\000o\000n\000l\000i\000n\000e}{section.3.4}% 22
\BOOKMARK [2][-]{subsection.3.4.3}{\376\377\000I\000n\000f\000o\000r\000m\000a\000s\000i\000\040\000t\000i\000d\000a\000k\000\040\000l\000e\000n\000g\000k\000a\000p\000\040\000d\000a\000n\000\040\000P\000e\000m\000b\000e\000n\000t\000u\000k\000a\000n\000\040\000k\000e\000p\000e\000r\000c\000a\000y\000a\000a\000n}{section.3.4}% 23
\BOOKMARK [1][-]{section.3.5}{\376\377\000P\000e\000m\000o\000d\000e\000l\000a\000n\000\040\000L\000a\000w\000a\000n}{chapter.3}% 24
\BOOKMARK [1][-]{section.3.6}{\376\377\000L\000o\000n\000g\000\040\000S\000h\000o\000r\000t\000-\000T\000e\000r\000m\000\040\000M\000e\000m\000o\000r\000y\000\040\000\050\000L\000S\000T\000M\000\051}{chapter.3}% 25
\BOOKMARK [2][-]{subsection.3.6.1}{\376\377\000F\000o\000r\000g\000e\000t\000\040\000G\000a\000t\000e}{section.3.6}% 26
\BOOKMARK [2][-]{subsection.3.6.2}{\376\377\000I\000n\000p\000u\000t\000\040\000G\000a\000t\000e}{section.3.6}% 27
\BOOKMARK [2][-]{subsection.3.6.3}{\376\377\000C\000a\000n\000d\000i\000d\000a\000t\000e\000\040\000C\000e\000l\000l\000\040\000S\000t\000a\000t\000e}{section.3.6}% 28
\BOOKMARK [2][-]{subsection.3.6.4}{\376\377\000C\000e\000l\000l\000\040\000S\000t\000a\000t\000e\000\040\000\050\000M\000e\000m\000o\000r\000i\000\040\000J\000a\000n\000g\000k\000a\000\040\000P\000a\000n\000j\000a\000n\000g\000\051}{section.3.6}% 29
\BOOKMARK [2][-]{subsection.3.6.5}{\376\377\000O\000u\000t\000p\000u\000t\000\040\000G\000a\000t\000e}{section.3.6}% 30
\BOOKMARK [2][-]{subsection.3.6.6}{\376\377\000H\000i\000d\000d\000e\000n\000\040\000S\000t\000a\000t\000e\000\040\000U\000p\000d\000a\000t\000e}{section.3.6}% 31
\BOOKMARK [1][-]{section.3.7}{\376\377\000P\000r\000e\000d\000i\000k\000s\000i\000\040\000M\000u\000l\000t\000i\000-\000L\000a\000n\000g\000k\000a\000h}{chapter.3}% 32
\BOOKMARK [2][-]{subsection.3.7.1}{\376\377\000P\000e\000r\000a\000m\000a\000l\000a\000n\000\040\000R\000e\000k\000u\000r\000s\000i\000f\000\040\000d\000a\000n\000\040\000S\000i\000m\000u\000l\000a\000s\000i\000\040\000M\000o\000n\000t\000e\000\040\000C\000a\000r\000l\000o\000\040\000\050\000H\000o\000r\000i\000z\000o\000n\000\040\000T\000e\000t\000a\000p\000\051}{section.3.7}% 33
\BOOKMARK [2][-]{subsection.3.7.2}{\376\377\000T\000e\000a\000c\000h\000e\000r\000\040\000F\000o\000r\000c\000i\000n\000g}{section.3.7}% 34
\BOOKMARK [2][-]{subsection.3.7.3}{\376\377\000F\000u\000n\000g\000s\000i\000\040\000O\000b\000j\000e\000k\000t\000i\000f\000\040\000N\000e\000g\000a\000t\000i\000v\000e\000\040\000L\000o\000g\000-\000L\000i\000k\000e\000l\000i\000h\000o\000o\000d}{section.3.7}% 35
\BOOKMARK [2][-]{subsection.3.7.4}{\376\377\000R\000a\000n\000k\000\040\000O\000r\000d\000e\000r\000\040\000C\000e\000n\000t\000r\000o\000i\000d\000\040\000\050\000R\000O\000C\000\051}{section.3.7}% 36
\BOOKMARK [0][-]{chapter.4}{\376\377\000A\000N\000A\000L\000I\000S\000I\000S\000\040\000D\000A\000N\000\040\000P\000E\000R\000A\000N\000C\000A\000N\000G\000A\000N}{}% 37
\BOOKMARK [1][-]{section.4.1}{\376\377\000D\000e\000s\000k\000r\000i\000p\000s\000i\000\040\000U\000m\000u\000m}{chapter.4}% 38
\BOOKMARK [1][-]{section.4.2}{\376\377\000F\000o\000r\000m\000u\000l\000a\000s\000i\000\040\000M\000a\000s\000a\000l\000a\000h}{chapter.4}% 39
\BOOKMARK [1][-]{section.4.3}{\376\377\000R\000a\000n\000c\000a\000n\000g\000a\000n\000\040\000A\000l\000g\000o\000r\000i\000t\000m\000a\000\040\000M\000e\000t\000o\000d\000e}{chapter.4}% 40
\BOOKMARK [2][-]{subsection.4.3.1}{\376\377\000G\000a\000m\000b\000a\000r\000a\000n\000\040\000U\000m\000u\000m}{section.4.3}% 41
\BOOKMARK [2][-]{subsection.4.3.2}{\376\377\000S\000p\000e\000s\000i\000f\000i\000k\000a\000s\000i\000\040\000L\000i\000n\000g\000k\000u\000n\000g\000a\000n\000\040\000S\000i\000m\000u\000l\000a\000s\000i\000\040\000I\000P\000D}{section.4.3}% 42
\BOOKMARK [2][-]{subsection.4.3.3}{\376\377\000D\000e\000s\000a\000i\000n\000\040\000P\000o\000p\000u\000l\000a\000s\000i\000\040\000S\000t\000r\000a\000t\000e\000g\000i\000\040\000L\000a\000w\000a\000n}{section.4.3}% 43
\BOOKMARK [2][-]{subsection.4.3.4}{\376\377\000P\000r\000o\000s\000e\000d\000u\000r\000\040\000d\000a\000n\000\040\000S\000i\000m\000u\000l\000a\000s\000i\000\040\000G\000e\000n\000e\000r\000a\000s\000i\000\040\000D\000a\000t\000a}{section.4.3}% 44
\BOOKMARK [2][-]{subsection.4.3.5}{\376\377\000R\000e\000p\000r\000e\000s\000e\000n\000t\000a\000s\000i\000\040\000d\000a\000n\000\040\000P\000e\000r\000s\000i\000a\000p\000a\000n\000\040\000D\000a\000t\000a\000s\000e\000t}{section.4.3}% 45
\BOOKMARK [2][-]{subsection.4.3.6}{\376\377\000P\000e\000r\000a\000n\000c\000a\000n\000g\000a\000n\000\040\000M\000o\000d\000e\000l\000\040\000P\000r\000e\000d\000i\000k\000s\000i\000\040\000L\000a\000w\000a\000n}{section.4.3}% 46
\BOOKMARK [2][-]{subsection.4.3.7}{\376\377\000P\000r\000o\000t\000o\000k\000o\000l\000\040\000P\000e\000l\000a\000t\000i\000h\000a\000n}{section.4.3}% 47
\BOOKMARK [2][-]{subsection.4.3.8}{\376\377\000P\000r\000o\000t\000o\000k\000o\000l\000\040\000P\000e\000l\000a\000t\000i\000h\000a\000n}{section.4.3}% 48
\BOOKMARK [2][-]{subsection.4.3.9}{\376\377\000P\000r\000o\000t\000o\000k\000o\000l\000\040\000V\000a\000l\000i\000d\000a\000s\000i}{section.4.3}% 49
\BOOKMARK [2][-]{subsection.4.3.10}{\376\377\000P\000r\000o\000t\000o\000k\000o\000l\000\040\000E\000v\000a\000l\000u\000a\000s\000i}{section.4.3}% 50
\BOOKMARK [2][-]{subsection.4.3.11}{\376\377\000A\000n\000a\000l\000i\000s\000i\000s\000\040\000E\000k\000s\000p\000e\000r\000i\000m\000e\000n}{section.4.3}% 51
\BOOKMARK [0][-]{chapter.5}{\376\377\000J\000A\000D\000W\000A\000L\000\040\000P\000E\000N\000E\000L\000I\000T\000I\000A\000N}{}% 52
\BOOKMARK [1][-]{section.5.1}{\376\377\000J\000a\000d\000w\000a\000l\000\040\000P\000e\000n\000e\000l\000i\000t\000i\000a\000n}{chapter.5}% 53
\BOOKMARK [2][-]{subsection.5.1.1}{\376\377\000R\000e\000n\000c\000a\000n\000a\000\040\000W\000a\000k\000t\000u\000\040\000P\000e\000l\000a\000k\000s\000a\000n\000a\000a\000n}{section.5.1}% 54
\BOOKMARK [2][-]{subsection.5.1.2}{\376\377\000D\000e\000p\000e\000n\000d\000e\000n\000s\000i\000\040\000d\000a\000n\000\040\000R\000i\000s\000i\000k\000o}{section.5.1}% 55
\BOOKMARK [0][-]{chapter.6}{\376\377\000K\000E\000S\000I\000M\000P\000U\000L\000A\000N\000\040\000D\000A\000N\000\040\000S\000A\000R\000A\000N}{}% 56
\BOOKMARK [0][-]{section*.59}{\376\377\000D\000A\000F\000T\000A\000R\000\040\000P\000U\000S\000T\000A\000K\000A}{}% 57
\BOOKMARK [0][-]{chapter*.61}{\376\377\000L\000A\000M\000P\000I\000R\000A\000N}{}% 58
