This is pdfTeX, Version 3.141592653-2.6-1.40.25 (TeX Live 2023/Debian) (preloaded format=pdflatex 2026.1.29)  5 MAR 2026 16:54
entering extended mode
 \write18 enabled.
 %&-line parsing enabled.
**index.tex
(./index.tex
LaTeX2e <2023-11-01> patch level 1
L3 programming layer <2024-01-22>
(./ugmskripsi.cls
Document Class: ugmskripsi 2016/17/08 v2.0.1 The University of Gadjah Mada Skri
psi Class
(/usr/share/texlive/texmf-dist/tex/latex/base/report.cls
Document Class: report 2023/05/17 v1.4n Standard LaTeX document class
(/usr/share/texlive/texmf-dist/tex/latex/base/size12.clo
File: size12.clo 2023/05/17 v1.4n Standard LaTeX file (size option)
)
\c@part=\count187
\c@chapter=\count188
\c@section=\count189
\c@subsection=\count190
\c@subsubsection=\count191
\c@paragraph=\count192
\c@subparagraph=\count193
\c@figure=\count194
\c@table=\count195
\abovecaptionskip=\skip48
\belowcaptionskip=\skip49
\bibindent=\dimen140
)
(/usr/share/texlive/texmf-dist/tex/generic/babel/babel.sty
Package: babel 2024/01/07 v24.1 The Babel package
\babel@savecnt=\count196
\U@D=\dimen141
\l@unhyphenated=\language32

(/usr/share/texlive/texmf-dist/tex/generic/babel/txtbabel.def)
\bbl@readstream=\read2
\bbl@dirlevel=\count197

(/usr/share/texlive/texmf-dist/tex/generic/babel-english/english.ldf
Language: english 2017/06/06 v3.3r English support from the babel system
Package babel Info: Hyphen rules for 'british' set to \l@english
(babel)             (\language0). Reported on input line 82.
Package babel Info: Hyphen rules for 'UKenglish' set to \l@english
(babel)             (\language0). Reported on input line 83.
Package babel Info: Hyphen rules for 'canadian' set to \l@english
(babel)             (\language0). Reported on input line 102.
Package babel Info: Hyphen rules for 'australian' set to \l@english
(babel)             (\language0). Reported on input line 105.
Package babel Info: Hyphen rules for 'newzealand' set to \l@english
(babel)             (\language0). Reported on input line 108.
)
(/usr/share/texlive/texmf-dist/tex/generic/babel/locale/id/babel-indonesian.tex
)
Package babel Info: Importing data for indonesian
(babel)             from babel-id.ini. Reported on input line 4318.
) (/usr/share/texlive/texmf-dist/tex/generic/babel/locale/en/babel-english.tex
Package babel Info: Importing font and identification data for english
(babel)             from babel-en.ini. Reported on input line 11.
) (/usr/share/texlive/texmf-dist/tex/latex/tools/indentfirst.sty
Package: indentfirst 2023/07/02 v1.03 Indent first paragraph (DPC)
)
(/usr/share/texlive/texmf-dist/tex/latex/setspace/setspace.sty
Package: setspace 2022/12/04 v6.7b set line spacing
)
(/usr/share/texlive/texmf-dist/tex/latex/base/fontenc.sty
Package: fontenc 2021/04/29 v2.0v Standard LaTeX package
)
(/usr/share/texlive/texmf-dist/tex/latex/psnfss/times.sty
Package: times 2020/03/25 PSNFSS-v9.3 (SPQR) 
)
(/usr/share/texlive/texmf-dist/tex/latex/graphics/graphicx.sty
Package: graphicx 2021/09/16 v1.2d Enhanced LaTeX Graphics (DPC,SPQR)

(/usr/share/texlive/texmf-dist/tex/latex/graphics/keyval.sty
Package: keyval 2022/05/29 v1.15 key=value parser (DPC)
\KV@toks@=\toks17
)
(/usr/share/texlive/texmf-dist/tex/latex/graphics/graphics.sty
Package: graphics 2022/03/10 v1.4e Standard LaTeX Graphics (DPC,SPQR)

(/usr/share/texlive/texmf-dist/tex/latex/graphics/trig.sty
Package: trig 2021/08/11 v1.11 sin cos tan (DPC)
)
(/usr/share/texlive/texmf-dist/tex/latex/graphics-cfg/graphics.cfg
File: graphics.cfg 2016/06/04 v1.11 sample graphics configuration
)
Package graphics Info: Driver file: pdftex.def on input line 107.

(/usr/share/texlive/texmf-dist/tex/latex/graphics-def/pdftex.def
File: pdftex.def 2022/09/22 v1.2b Graphics/color driver for pdftex
))
\Gin@req@height=\dimen142
\Gin@req@width=\dimen143
)
(/usr/share/texlive/texmf-dist/tex/latex/base/latexsym.sty
Package: latexsym 1998/08/17 v2.2e Standard LaTeX package (lasy symbols)
\symlasy=\mathgroup4
LaTeX Font Info:    Overwriting symbol font `lasy' in version `bold'
(Font)                  U/lasy/m/n --> U/lasy/b/n on input line 52.
)
(/usr/share/texlive/texmf-dist/tex/latex/amsmath/amsmath.sty
Package: amsmath 2023/05/13 v2.17o AMS math features
\@mathmargin=\skip50

For additional information on amsmath, use the `?' option.
(/usr/share/texlive/texmf-dist/tex/latex/amsmath/amstext.sty
Package: amstext 2021/08/26 v2.01 AMS text

(/usr/share/texlive/texmf-dist/tex/latex/amsmath/amsgen.sty
File: amsgen.sty 1999/11/30 v2.0 generic functions
\@emptytoks=\toks18
\ex@=\dimen144
))
(/usr/share/texlive/texmf-dist/tex/latex/amsmath/amsbsy.sty
Package: amsbsy 1999/11/29 v1.2d Bold Symbols
\pmbraise@=\dimen145
)
(/usr/share/texlive/texmf-dist/tex/latex/amsmath/amsopn.sty
Package: amsopn 2022/04/08 v2.04 operator names
)
\inf@bad=\count198
LaTeX Info: Redefining \frac on input line 234.
\uproot@=\count199
\leftroot@=\count266
LaTeX Info: Redefining \overline on input line 399.
LaTeX Info: Redefining \colon on input line 410.
\classnum@=\count267
\DOTSCASE@=\count268
LaTeX Info: Redefining \ldots on input line 496.
LaTeX Info: Redefining \dots on input line 499.
LaTeX Info: Redefining \cdots on input line 620.
\Mathstrutbox@=\box51
\strutbox@=\box52
LaTeX Info: Redefining \big on input line 722.
LaTeX Info: Redefining \Big on input line 723.
LaTeX Info: Redefining \bigg on input line 724.
LaTeX Info: Redefining \Bigg on input line 725.
\big@size=\dimen146
LaTeX Font Info:    Redeclaring font encoding OML on input line 743.
LaTeX Font Info:    Redeclaring font encoding OMS on input line 744.
\macc@depth=\count269
LaTeX Info: Redefining \bmod on input line 905.
LaTeX Info: Redefining \pmod on input line 910.
LaTeX Info: Redefining \smash on input line 940.
LaTeX Info: Redefining \relbar on input line 970.
LaTeX Info: Redefining \Relbar on input line 971.
\c@MaxMatrixCols=\count270
\dotsspace@=\muskip16
\c@parentequation=\count271
\dspbrk@lvl=\count272
\tag@help=\toks19
\row@=\count273
\column@=\count274
\maxfields@=\count275
\andhelp@=\toks20
\eqnshift@=\dimen147
\alignsep@=\dimen148
\tagshift@=\dimen149
\tagwidth@=\dimen150
\totwidth@=\dimen151
\lineht@=\dimen152
\@envbody=\toks21
\multlinegap=\skip51
\multlinetaggap=\skip52
\mathdisplay@stack=\toks22
LaTeX Info: Redefining \[ on input line 2953.
LaTeX Info: Redefining \] on input line 2954.
)
(/usr/share/texlive/texmf-dist/tex/latex/tools/array.sty
Package: array 2023/10/16 v2.5g Tabular extension package (FMi)
\col@sep=\dimen153
\ar@mcellbox=\box53
\extrarowheight=\dimen154
\NC@list=\toks23
\extratabsurround=\skip53
\backup@length=\skip54
\ar@cellbox=\box54
)
(/usr/share/texlive/texmf-dist/tex/latex/minted/minted.sty
Package: minted 2023/12/18 v2.9 Yet another Pygments shim for LaTeX

(/usr/share/texlive/texmf-dist/tex/latex/kvoptions/kvoptions.sty
Package: kvoptions 2022-06-15 v3.15 Key value format for package options (HO)

(/usr/share/texlive/texmf-dist/tex/generic/ltxcmds/ltxcmds.sty
Package: ltxcmds 2023-12-04 v1.26 LaTeX kernel commands for general use (HO)
)
(/usr/share/texlive/texmf-dist/tex/latex/kvsetkeys/kvsetkeys.sty
Package: kvsetkeys 2022-10-05 v1.19 Key value parser (HO)
))
(/usr/share/texlive/texmf-dist/tex/latex/fvextra/fvextra.sty
Package: fvextra 2023/11/28 v1.6.1 fvextra - extensions and patches for fancyvr
b

(/usr/share/texlive/texmf-dist/tex/latex/etoolbox/etoolbox.sty
Package: etoolbox 2020/10/05 v2.5k e-TeX tools for LaTeX (JAW)
\etb@tempcnta=\count276
)
(/usr/share/texlive/texmf-dist/tex/latex/fancyvrb/fancyvrb.sty
Package: fancyvrb 2024/01/20 4.5c verbatim text (tvz,hv)
\FV@CodeLineNo=\count277
\FV@InFile=\read3
\FV@TabBox=\box55
\c@FancyVerbLine=\count278
\FV@StepNumber=\count279
\FV@OutFile=\write3
)
(/usr/share/texlive/texmf-dist/tex/latex/upquote/upquote.sty
Package: upquote 2012/04/19 v1.3 upright-quote and grave-accent glyphs in verba
tim

(/usr/share/texlive/texmf-dist/tex/latex/base/textcomp.sty
Package: textcomp 2020/02/02 v2.0n Standard LaTeX package
))
(/usr/share/texlive/texmf-dist/tex/latex/lineno/lineno.sty
Package: lineno 2023/05/20 line numbers on paragraphs v5.3
\linenopenalty=\count280
\output=\toks24
\linenoprevgraf=\count281
\linenumbersep=\dimen155
\linenumberwidth=\dimen156
\c@linenumber=\count282
\c@pagewiselinenumber=\count283
\c@LN@truepage=\count284
\c@internallinenumber=\count285
\c@internallinenumbers=\count286
\quotelinenumbersep=\dimen157
\bframerule=\dimen158
\bframesep=\dimen159
\bframebox=\box56
\linenoamsmath@ams@eqpen=\count287
LaTeX Info: Redefining \\ on input line 3180.
)
\c@FancyVerbWriteLine=\count288
\c@FancyVerbBufferIndex=\count289
\c@FancyVerbBufferLength=\count290
\c@FancyVerbBufferLine=\count291
\c@FV@oldbufferlength=\count292
\c@FV@TrueTabGroupLevel=\count293
\c@FV@TrueTabCounter=\count294
\FV@TabBox@Group=\box57
\FV@TmpLength=\skip55
\c@FV@HighlightLinesStart=\count295
\c@FV@HighlightLinesStop=\count296
\FV@LoopCount=\count297
\FV@NCharsBox=\box58
\FV@BreakIndent=\dimen160
\FV@BreakIndentNChars=\count298
\FV@BreakSymbolSepLeft=\dimen161
\FV@BreakSymbolSepLeftNChars=\count299
\FV@BreakSymbolSepRight=\dimen162
\FV@BreakSymbolSepRightNChars=\count300
\FV@BreakSymbolIndentLeft=\dimen163
\FV@BreakSymbolIndentLeftNChars=\count301
\FV@BreakSymbolIndentRight=\dimen164
\FV@BreakSymbolIndentRightNChars=\count302
\c@FancyVerbLineBreakLast=\count303
\FV@LineBox=\box59
\FV@LineIndentBox=\box60
\c@FV@BreakBufferDepth=\count304
\FV@LineWidth=\dimen165
)
(/usr/share/texlive/texmf-dist/tex/latex/base/ifthen.sty
Package: ifthen 2022/04/13 v1.1d Standard LaTeX ifthen package (DPC)
)
(/usr/share/texlive/texmf-dist/tex/latex/tools/shellesc.sty
Package: shellesc 2023/07/08 v1.0d unified shell escape interface for LaTeX
Package shellesc Info: Unrestricted shell escape enabled on input line 75.
)
(/usr/share/texlive/texmf-dist/tex/latex/ifplatform/ifplatform.sty
Package: ifplatform 2017/10/13 v0.4a Testing for the operating system

(/usr/share/texlive/texmf-dist/tex/generic/pdftexcmds/pdftexcmds.sty
Package: pdftexcmds 2020-06-27 v0.33 Utility functions of pdfTeX for LuaTeX (HO
)

(/usr/share/texlive/texmf-dist/tex/generic/infwarerr/infwarerr.sty
Package: infwarerr 2019/12/03 v1.5 Providing info/warning/error messages (HO)
)
(/usr/share/texlive/texmf-dist/tex/generic/iftex/iftex.sty
Package: iftex 2022/02/03 v1.0f TeX engine tests
)
Package pdftexcmds Info: \pdf@primitive is available.
Package pdftexcmds Info: \pdf@ifprimitive is available.
Package pdftexcmds Info: \pdfdraftmode found.
)
(/usr/share/texlive/texmf-dist/tex/generic/catchfile/catchfile.sty
Package: catchfile 2019/12/09 v1.8 Catch the contents of a file (HO)

(/usr/share/texlive/texmf-dist/tex/generic/etexcmds/etexcmds.sty
Package: etexcmds 2019/12/15 v1.7 Avoid name clashes with e-TeX commands (HO)
))
(/usr/share/texlive/texmf-dist/tex/generic/iftex/ifluatex.sty
Package: ifluatex 2019/10/25 v1.5 ifluatex legacy package. Use iftex instead.
)
runsystem(uname -s > "index.w18")...executed.

 (./index.w18)
runsystem(rm -- "index.w18")...executed.

)
(/usr/share/texlive/texmf-dist/tex/generic/xstring/xstring.sty
(/usr/share/texlive/texmf-dist/tex/generic/xstring/xstring.tex
\xs_counta=\count305
\xs_countb=\count306
)
Package: xstring 2023/08/22 v1.86 String manipulations (CT)
)
(/usr/share/texlive/texmf-dist/tex/latex/framed/framed.sty
Package: framed 2011/10/22 v 0.96: framed or shaded text with page breaks
\OuterFrameSep=\skip56
\fb@frw=\dimen166
\fb@frh=\dimen167
\FrameRule=\dimen168
\FrameSep=\dimen169
)
(/usr/share/texlive/texmf-dist/tex/latex/float/float.sty
Package: float 2001/11/08 v1.3d Float enhancements (AL)
\c@float@type=\count307
\float@exts=\toks25
\float@box=\box61
\@float@everytoks=\toks26
\@floatcapt=\box62
)
\minted@appexistsfile=\read4
\minted@bgbox=\box63
\minted@code=\write4
\c@minted@FancyVerbLineTemp=\count308
\c@minted@pygmentizecounter=\count309
\@float@every@listing=\toks27
\c@listing=\count310
)
runsystem(mkdir -p _minted-index)...executed.


(/usr/share/texlive/texmf-dist/tex/latex/adjustbox/adjustbox.sty
Package: adjustbox 2022/10/17 v1.3a Adjusting TeX boxes (trim, clip, ...)

(/usr/share/texlive/texmf-dist/tex/latex/xkeyval/xkeyval.sty
Package: xkeyval 2022/06/16 v2.9 package option processing (HA)

(/usr/share/texlive/texmf-dist/tex/generic/xkeyval/xkeyval.tex
(/usr/share/texlive/texmf-dist/tex/generic/xkeyval/xkvutils.tex
\XKV@toks=\toks28
\XKV@tempa@toks=\toks29
)
\XKV@depth=\count311
File: xkeyval.tex 2014/12/03 v2.7a key=value parser (HA)
))
(/usr/share/texlive/texmf-dist/tex/latex/adjustbox/adjcalc.sty
Package: adjcalc 2012/05/16 v1.1 Provides advanced setlength with multiple back
-ends (calc, etex, pgfmath)
)
(/usr/share/texlive/texmf-dist/tex/latex/adjustbox/trimclip.sty
Package: trimclip 2020/08/19 v1.2 Trim and clip general TeX material

(/usr/share/texlive/texmf-dist/tex/latex/collectbox/collectbox.sty
Package: collectbox 2022/10/17 v0.4c Collect macro arguments as boxes
\collectedbox=\box64
)
\tc@llx=\dimen170
\tc@lly=\dimen171
\tc@urx=\dimen172
\tc@ury=\dimen173
Package trimclip Info: Using driver 'tc-pdftex.def'.

(/usr/share/texlive/texmf-dist/tex/latex/adjustbox/tc-pdftex.def
File: tc-pdftex.def 2019/01/04 v2.2 Clipping driver for pdftex
))
\adjbox@Width=\dimen174
\adjbox@Height=\dimen175
\adjbox@Depth=\dimen176
\adjbox@Totalheight=\dimen177
\adjbox@pwidth=\dimen178
\adjbox@pheight=\dimen179
\adjbox@pdepth=\dimen180
\adjbox@ptotalheight=\dimen181

(/usr/share/texlive/texmf-dist/tex/latex/ifoddpage/ifoddpage.sty
Package: ifoddpage 2022/10/18 v1.2 Conditionals for odd/even page detection
\c@checkoddpage=\count312
)
(/usr/share/texlive/texmf-dist/tex/latex/varwidth/varwidth.sty
Package: varwidth 2009/03/30 ver 0.92;  Variable-width minipages
\@vwid@box=\box65
\sift@deathcycles=\count313
\@vwid@loff=\dimen182
\@vwid@roff=\dimen183
))
(/usr/share/texlive/texmf-dist/tex/latex/multirow/multirow.sty
Package: multirow 2021/03/15 v2.8 Span multiple rows of a table
\multirow@colwidth=\skip57
\multirow@cntb=\count314
\multirow@dima=\skip58
\bigstrutjot=\dimen184
)
(/usr/share/texlive/texmf-dist/tex/latex/xcolor/xcolor.sty
Package: xcolor 2023/11/15 v3.01 LaTeX color extensions (UK)

(/usr/share/texlive/texmf-dist/tex/latex/graphics-cfg/color.cfg
File: color.cfg 2016/01/02 v1.6 sample color configuration
)
Package xcolor Info: Driver file: pdftex.def on input line 274.

(/usr/share/texlive/texmf-dist/tex/latex/graphics/mathcolor.ltx)
Package xcolor Info: Model `cmy' substituted by `cmy0' on input line 1350.
Package xcolor Info: Model `hsb' substituted by `rgb' on input line 1354.
Package xcolor Info: Model `RGB' extended on input line 1366.
Package xcolor Info: Model `HTML' substituted by `rgb' on input line 1368.
Package xcolor Info: Model `Hsb' substituted by `hsb' on input line 1369.
Package xcolor Info: Model `tHsb' substituted by `hsb' on input line 1370.
Package xcolor Info: Model `HSB' substituted by `hsb' on input line 1371.
Package xcolor Info: Model `Gray' substituted by `gray' on input line 1372.
Package xcolor Info: Model `wave' substituted by `hsb' on input line 1373.
)
(/usr/share/texlive/texmf-dist/tex/latex/colortbl/colortbl.sty
Package: colortbl 2022/06/20 v1.0f Color table columns (DPC)
\everycr=\toks30
\minrowclearance=\skip59
\rownum=\count315
)
(/usr/share/texlive/texmf-dist/tex/latex/threeparttable/threeparttable.sty
Package: threeparttable 2003/06/13  v 3.0
\@tempboxb=\box66
)
(/usr/share/texlive/texmf-dist/tex/latex/hyperref/hyperref.sty
Package: hyperref 2024-01-20 v7.01h Hypertext links for LaTeX

(/usr/share/texlive/texmf-dist/tex/generic/kvdefinekeys/kvdefinekeys.sty
Package: kvdefinekeys 2019-12-19 v1.6 Define keys (HO)
)
(/usr/share/texlive/texmf-dist/tex/generic/pdfescape/pdfescape.sty
Package: pdfescape 2019/12/09 v1.15 Implements pdfTeX's escape features (HO)
)
(/usr/share/texlive/texmf-dist/tex/latex/hycolor/hycolor.sty
Package: hycolor 2020-01-27 v1.10 Color options for hyperref/bookmark (HO)
)
(/usr/share/texlive/texmf-dist/tex/latex/auxhook/auxhook.sty
Package: auxhook 2019-12-17 v1.6 Hooks for auxiliary files (HO)
)
(/usr/share/texlive/texmf-dist/tex/latex/hyperref/nameref.sty
Package: nameref 2023-11-26 v2.56 Cross-referencing by name of section

(/usr/share/texlive/texmf-dist/tex/latex/refcount/refcount.sty
Package: refcount 2019/12/15 v3.6 Data extraction from label references (HO)
)
(/usr/share/texlive/texmf-dist/tex/generic/gettitlestring/gettitlestring.sty
Package: gettitlestring 2019/12/15 v1.6 Cleanup title references (HO)
)
\c@section@level=\count316
)
\@linkdim=\dimen185
\Hy@linkcounter=\count317
\Hy@pagecounter=\count318

(/usr/share/texlive/texmf-dist/tex/latex/hyperref/pd1enc.def
File: pd1enc.def 2024-01-20 v7.01h Hyperref: PDFDocEncoding definition (HO)
Now handling font encoding PD1 ...
... no UTF-8 mapping file for font encoding PD1
)
(/usr/share/texlive/texmf-dist/tex/generic/intcalc/intcalc.sty
Package: intcalc 2019/12/15 v1.3 Expandable calculations with integers (HO)
)
\Hy@SavedSpaceFactor=\count319

(/usr/share/texlive/texmf-dist/tex/latex/hyperref/puenc.def
File: puenc.def 2024-01-20 v7.01h Hyperref: PDF Unicode definition (HO)
Now handling font encoding PU ...
... no UTF-8 mapping file for font encoding PU
)
Package hyperref Info: Hyper figures OFF on input line 4179.
Package hyperref Info: Link nesting OFF on input line 4184.
Package hyperref Info: Hyper index ON on input line 4187.
Package hyperref Info: Plain pages OFF on input line 4194.
Package hyperref Info: Backreferencing OFF on input line 4199.
Package hyperref Info: Implicit mode ON; LaTeX internals redefined.
Package hyperref Info: Bookmarks ON on input line 4446.
\c@Hy@tempcnt=\count320

(/usr/share/texlive/texmf-dist/tex/latex/url/url.sty
\Urlmuskip=\muskip17
Package: url 2013/09/16  ver 3.4  Verb mode for urls, etc.
)
LaTeX Info: Redefining \url on input line 4784.
\XeTeXLinkMargin=\dimen186

(/usr/share/texlive/texmf-dist/tex/generic/bitset/bitset.sty
Package: bitset 2019/12/09 v1.3 Handle bit-vector datatype (HO)

(/usr/share/texlive/texmf-dist/tex/generic/bigintcalc/bigintcalc.sty
Package: bigintcalc 2019/12/15 v1.5 Expandable calculations on big integers (HO
)
))
\Fld@menulength=\count321
\Field@Width=\dimen187
\Fld@charsize=\dimen188
Package hyperref Info: Hyper figures OFF on input line 6063.
Package hyperref Info: Link nesting OFF on input line 6068.
Package hyperref Info: Hyper index ON on input line 6071.
Package hyperref Info: backreferencing OFF on input line 6078.
Package hyperref Info: Link coloring OFF on input line 6083.
Package hyperref Info: Link coloring with OCG OFF on input line 6088.
Package hyperref Info: PDF/A mode OFF on input line 6093.

(/usr/share/texlive/texmf-dist/tex/latex/base/atbegshi-ltx.sty
Package: atbegshi-ltx 2021/01/10 v1.0c Emulation of the original atbegshi
package with kernel methods
)
\Hy@abspage=\count322
\c@Item=\count323
\c@Hfootnote=\count324
)
Package hyperref Info: Driver (autodetected): hpdftex.

(/usr/share/texlive/texmf-dist/tex/latex/hyperref/hpdftex.def
File: hpdftex.def 2024-01-20 v7.01h Hyperref driver for pdfTeX

(/usr/share/texlive/texmf-dist/tex/latex/base/atveryend-ltx.sty
Package: atveryend-ltx 2020/08/19 v1.0a Emulation of the original atveryend pac
kage
with kernel methods
)
\Fld@listcount=\count325
\c@bookmark@seq@number=\count326

(/usr/share/texlive/texmf-dist/tex/latex/rerunfilecheck/rerunfilecheck.sty
Package: rerunfilecheck 2022-07-10 v1.10 Rerun checks for auxiliary files (HO)

(/usr/share/texlive/texmf-dist/tex/generic/uniquecounter/uniquecounter.sty
Package: uniquecounter 2019/12/15 v1.4 Provide unlimited unique counter (HO)
)
Package uniquecounter Info: New unique counter `rerunfilecheck' on input line 2
85.
)
\Hy@SectionHShift=\skip60
)
(/usr/share/texlive/texmf-dist/tex/latex/tools/tabularx.sty
Package: tabularx 2023/07/08 v2.11c `tabularx' package (DPC)
\TX@col@width=\dimen189
\TX@old@table=\dimen190
\TX@old@col=\dimen191
\TX@target=\dimen192
\TX@delta=\dimen193
\TX@cols=\count327
\TX@ftn=\toks31
)
(/usr/share/texlive/texmf-dist/tex/latex/booktabs/booktabs.sty
Package: booktabs 2020/01/12 v1.61803398 Publication quality tables
\heavyrulewidth=\dimen194
\lightrulewidth=\dimen195
\cmidrulewidth=\dimen196
\belowrulesep=\dimen197
\belowbottomsep=\dimen198
\aboverulesep=\dimen199
\abovetopsep=\dimen256
\cmidrulesep=\dimen257
\cmidrulekern=\dimen258
\defaultaddspace=\dimen259
\@cmidla=\count328
\@cmidlb=\count329
\@aboverulesep=\dimen260
\@belowrulesep=\dimen261
\@thisruleclass=\count330
\@lastruleclass=\count331
\@thisrulewidth=\dimen262
)
(/usr/share/texlive/texmf-dist/tex/latex/pbox/pbox.sty
Package: pbox 2011/12/07 v1.2 Dynamic parboxes

(/usr/share/texlive/texmf-dist/tex/latex/tools/calc.sty
Package: calc 2023/07/08 v4.3 Infix arithmetic (KKT,FJ)
\calc@Acount=\count332
\calc@Bcount=\count333
\calc@Adimen=\dimen263
\calc@Bdimen=\dimen264
\calc@Askip=\skip61
\calc@Bskip=\skip62
LaTeX Info: Redefining \setlength on input line 80.
LaTeX Info: Redefining \addtolength on input line 81.
\calc@Ccount=\count334
\calc@Cskip=\skip63
)
\pb@xlen=\skip64
)
(/usr/share/texlive/texmf-dist/tex/generic/ulem/ulem.sty
\UL@box=\box67
\UL@hyphenbox=\box68
\UL@skip=\skip65
\UL@hook=\toks32
\UL@height=\dimen265
\UL@pe=\count335
\UL@pixel=\dimen266
\ULC@box=\box69
Package: ulem 2019/11/18
\ULdepth=\dimen267
)
(/usr/share/texlive/texmf-dist/tex/latex/csquotes/csquotes.sty
Package: csquotes 2022-09-14 v5.2n context-sensitive quotations (JAW)
\csq@reset=\count336
\csq@gtype=\count337
\csq@glevel=\count338
\csq@qlevel=\count339
\csq@maxlvl=\count340
\csq@tshold=\count341
\csq@ltx@everypar=\toks33

(/usr/share/texlive/texmf-dist/tex/latex/csquotes/csquotes.def
File: csquotes.def 2022-09-14 v5.2n csquotes generic definitions (JAW)
)
Package csquotes Info: Trying to load configuration file 'csquotes.cfg'...
Package csquotes Info: ... configuration file loaded successfully.

(/usr/share/texlive/texmf-dist/tex/latex/csquotes/csquotes.cfg
File: csquotes.cfg 
))
(/usr/share/texlive/texmf-dist/tex/latex/enumitem/enumitem.sty
Package: enumitem 2019/06/20 v3.9 Customized lists
\labelindent=\skip66
\enit@outerparindent=\dimen268
\enit@toks=\toks34
\enit@inbox=\box70
\enit@count@id=\count342
\enitdp@description=\count343
)
(/usr/share/texlive/texmf-dist/tex/latex/listings/listings.sty
\lst@mode=\count344
\lst@gtempboxa=\box71
\lst@token=\toks35
\lst@length=\count345
\lst@currlwidth=\dimen269
\lst@column=\count346
\lst@pos=\count347
\lst@lostspace=\dimen270
\lst@width=\dimen271
\lst@newlines=\count348
\lst@lineno=\count349
\lst@maxwidth=\dimen272

(/usr/share/texlive/texmf-dist/tex/latex/listings/lstmisc.sty
File: lstmisc.sty 2023/02/27 1.9 (Carsten Heinz)
\c@lstnumber=\count350
\lst@skipnumbers=\count351
\lst@framebox=\box72
)
(/usr/share/texlive/texmf-dist/tex/latex/listings/listings.cfg
File: listings.cfg 2023/02/27 1.9 listings configuration
))
Package: listings 2023/02/27 1.9 (Carsten Heinz)

(/usr/share/texlive/texmf-dist/tex/latex/psnfss/courier.sty
Package: courier 2020/03/25 PSNFSS-v9.3 (WaS) 
)
(/home/paqh/texmf/tex/latex/beramono/beramono.sty
Package: beramono 2004/01/31 (WaS)
)
(/usr/share/texlive/texmf-dist/tex/latex/tools/multicol.sty
Package: multicol 2023/03/30 v1.9f multicolumn formatting (FMi)
\c@tracingmulticols=\count352
\mult@box=\box73
\multicol@leftmargin=\dimen273
\c@unbalance=\count353
\c@collectmore=\count354
\doublecol@number=\count355
\multicoltolerance=\count356
\multicolpretolerance=\count357
\full@width=\dimen274
\page@free=\dimen275
\premulticols=\dimen276
\postmulticols=\dimen277
\multicolsep=\skip67
\multicolbaselineskip=\skip68
\partial@page=\box74
\last@line=\box75
\mc@boxedresult=\box76
\maxbalancingoverflow=\dimen278
\mult@rightbox=\box77
\mult@grightbox=\box78
\mult@firstbox=\box79
\mult@gfirstbox=\box80
\@tempa=\box81
\@tempa=\box82
\@tempa=\box83
\@tempa=\box84
\@tempa=\box85
\@tempa=\box86
\@tempa=\box87
\@tempa=\box88
\@tempa=\box89
\@tempa=\box90
\@tempa=\box91
\@tempa=\box92
\@tempa=\box93
\@tempa=\box94
\@tempa=\box95
\@tempa=\box96
\@tempa=\box97
\@tempa=\box98
\@tempa=\box99
\@tempa=\box100
\@tempa=\box101
\@tempa=\box102
\@tempa=\box103
\@tempa=\box104
\@tempa=\box105
\@tempa=\box106
\@tempa=\box107
\@tempa=\box108
\@tempa=\box109
\@tempa=\box110
\@tempa=\box111
\@tempa=\box112
\@tempa=\box113
\@tempa=\box114
\@tempa=\box115
\@tempa=\box116
\c@minrows=\count358
\c@columnbadness=\count359
\c@finalcolumnbadness=\count360
\last@try=\dimen279
\multicolovershoot=\dimen280
\multicolundershoot=\dimen281
\mult@nat@firstbox=\box117
\colbreak@box=\box118
\mc@col@check@num=\count361
)
(/usr/share/texlive/texmf-dist/tex/latex/pdflscape/pdflscape.sty
Package: pdflscape 2022-10-27 v0.13 Display of landscape pages in PDF

(/usr/share/texlive/texmf-dist/tex/latex/pdflscape/pdflscape-nometadata.sty
Package: pdflscape-nometadata 2022-10-28 v0.13 Display of landscape pages in PD
F (HO)

(/usr/share/texlive/texmf-dist/tex/latex/graphics/lscape.sty
Package: lscape 2020/05/28 v3.02 Landscape Pages (DPC)
)
Package pdflscape Info: Auto-detected driver: pdftex on input line 81.
))
(/usr/share/texlive/texmf-dist/tex/latex/pgf/frontendlayer/tikz.sty
(/usr/share/texlive/texmf-dist/tex/latex/pgf/basiclayer/pgf.sty
(/usr/share/texlive/texmf-dist/tex/latex/pgf/utilities/pgfrcs.sty
(/usr/share/texlive/texmf-dist/tex/generic/pgf/utilities/pgfutil-common.tex
\pgfutil@everybye=\toks36
\pgfutil@tempdima=\dimen282
\pgfutil@tempdimb=\dimen283
)
(/usr/share/texlive/texmf-dist/tex/generic/pgf/utilities/pgfutil-latex.def
\pgfutil@abb=\box119
)
(/usr/share/texlive/texmf-dist/tex/generic/pgf/utilities/pgfrcs.code.tex
(/usr/share/texlive/texmf-dist/tex/generic/pgf/pgf.revision.tex)
Package: pgfrcs 2023-01-15 v3.1.10 (3.1.10)
))
Package: pgf 2023-01-15 v3.1.10 (3.1.10)

(/usr/share/texlive/texmf-dist/tex/latex/pgf/basiclayer/pgfcore.sty
(/usr/share/texlive/texmf-dist/tex/latex/pgf/systemlayer/pgfsys.sty
(/usr/share/texlive/texmf-dist/tex/generic/pgf/systemlayer/pgfsys.code.tex
Package: pgfsys 2023-01-15 v3.1.10 (3.1.10)

(/usr/share/texlive/texmf-dist/tex/generic/pgf/utilities/pgfkeys.code.tex
\pgfkeys@pathtoks=\toks37
\pgfkeys@temptoks=\toks38

(/usr/share/texlive/texmf-dist/tex/generic/pgf/utilities/pgfkeyslibraryfiltered
.code.tex
\pgfkeys@tmptoks=\toks39
))
\pgf@x=\dimen284
\pgf@y=\dimen285
\pgf@xa=\dimen286
\pgf@ya=\dimen287
\pgf@xb=\dimen288
\pgf@yb=\dimen289
\pgf@xc=\dimen290
\pgf@yc=\dimen291
\pgf@xd=\dimen292
\pgf@yd=\dimen293
\w@pgf@writea=\write5
\r@pgf@reada=\read5
\c@pgf@counta=\count362
\c@pgf@countb=\count363
\c@pgf@countc=\count364
\c@pgf@countd=\count365
\t@pgf@toka=\toks40
\t@pgf@tokb=\toks41
\t@pgf@tokc=\toks42
\pgf@sys@id@count=\count366
 (/usr/share/texlive/texmf-dist/tex/generic/pgf/systemlayer/pgf.cfg
File: pgf.cfg 2023-01-15 v3.1.10 (3.1.10)
)
Driver file for pgf: pgfsys-pdftex.def
(/usr/share/texlive/texmf-dist/tex/generic/pgf/systemlayer/pgfsys-pdftex.def
File: pgfsys-pdftex.def 2023-01-15 v3.1.10 (3.1.10)

(/usr/share/texlive/texmf-dist/tex/generic/pgf/systemlayer/pgfsys-common-pdf.de
f
File: pgfsys-common-pdf.def 2023-01-15 v3.1.10 (3.1.10)
)))
(/usr/share/texlive/texmf-dist/tex/generic/pgf/systemlayer/pgfsyssoftpath.code.
tex
File: pgfsyssoftpath.code.tex 2023-01-15 v3.1.10 (3.1.10)
\pgfsyssoftpath@smallbuffer@items=\count367
\pgfsyssoftpath@bigbuffer@items=\count368
)
(/usr/share/texlive/texmf-dist/tex/generic/pgf/systemlayer/pgfsysprotocol.code.
tex
File: pgfsysprotocol.code.tex 2023-01-15 v3.1.10 (3.1.10)
))
(/usr/share/texlive/texmf-dist/tex/generic/pgf/basiclayer/pgfcore.code.tex
Package: pgfcore 2023-01-15 v3.1.10 (3.1.10)

(/usr/share/texlive/texmf-dist/tex/generic/pgf/math/pgfmath.code.tex
(/usr/share/texlive/texmf-dist/tex/generic/pgf/math/pgfmathutil.code.tex)
(/usr/share/texlive/texmf-dist/tex/generic/pgf/math/pgfmathparser.code.tex
\pgfmath@dimen=\dimen294
\pgfmath@count=\count369
\pgfmath@box=\box120
\pgfmath@toks=\toks43
\pgfmath@stack@operand=\toks44
\pgfmath@stack@operation=\toks45
)
(/usr/share/texlive/texmf-dist/tex/generic/pgf/math/pgfmathfunctions.code.tex)
(/usr/share/texlive/texmf-dist/tex/generic/pgf/math/pgfmathfunctions.basic.code
.tex)
(/usr/share/texlive/texmf-dist/tex/generic/pgf/math/pgfmathfunctions.trigonomet
ric.code.tex)
(/usr/share/texlive/texmf-dist/tex/generic/pgf/math/pgfmathfunctions.random.cod
e.tex)
(/usr/share/texlive/texmf-dist/tex/generic/pgf/math/pgfmathfunctions.comparison
.code.tex)
(/usr/share/texlive/texmf-dist/tex/generic/pgf/math/pgfmathfunctions.base.code.
tex)
(/usr/share/texlive/texmf-dist/tex/generic/pgf/math/pgfmathfunctions.round.code
.tex)
(/usr/share/texlive/texmf-dist/tex/generic/pgf/math/pgfmathfunctions.misc.code.
tex)
(/usr/share/texlive/texmf-dist/tex/generic/pgf/math/pgfmathfunctions.integerari
thmetics.code.tex)
(/usr/share/texlive/texmf-dist/tex/generic/pgf/math/pgfmathcalc.code.tex)
(/usr/share/texlive/texmf-dist/tex/generic/pgf/math/pgfmathfloat.code.tex
\c@pgfmathroundto@lastzeros=\count370
))
(/usr/share/texlive/texmf-dist/tex/generic/pgf/math/pgfint.code.tex)
(/usr/share/texlive/texmf-dist/tex/generic/pgf/basiclayer/pgfcorepoints.code.te
x
File: pgfcorepoints.code.tex 2023-01-15 v3.1.10 (3.1.10)
\pgf@picminx=\dimen295
\pgf@picmaxx=\dimen296
\pgf@picminy=\dimen297
\pgf@picmaxy=\dimen298
\pgf@pathminx=\dimen299
\pgf@pathmaxx=\dimen300
\pgf@pathminy=\dimen301
\pgf@pathmaxy=\dimen302
\pgf@xx=\dimen303
\pgf@xy=\dimen304
\pgf@yx=\dimen305
\pgf@yy=\dimen306
\pgf@zx=\dimen307
\pgf@zy=\dimen308
)
(/usr/share/texlive/texmf-dist/tex/generic/pgf/basiclayer/pgfcorepathconstruct.
code.tex
File: pgfcorepathconstruct.code.tex 2023-01-15 v3.1.10 (3.1.10)
\pgf@path@lastx=\dimen309
\pgf@path@lasty=\dimen310
)
(/usr/share/texlive/texmf-dist/tex/generic/pgf/basiclayer/pgfcorepathusage.code
.tex
File: pgfcorepathusage.code.tex 2023-01-15 v3.1.10 (3.1.10)
\pgf@shorten@end@additional=\dimen311
\pgf@shorten@start@additional=\dimen312
)
(/usr/share/texlive/texmf-dist/tex/generic/pgf/basiclayer/pgfcorescopes.code.te
x
File: pgfcorescopes.code.tex 2023-01-15 v3.1.10 (3.1.10)
\pgfpic=\box121
\pgf@hbox=\box122
\pgf@layerbox@main=\box123
\pgf@picture@serial@count=\count371
)
(/usr/share/texlive/texmf-dist/tex/generic/pgf/basiclayer/pgfcoregraphicstate.c
ode.tex
File: pgfcoregraphicstate.code.tex 2023-01-15 v3.1.10 (3.1.10)
\pgflinewidth=\dimen313
)
(/usr/share/texlive/texmf-dist/tex/generic/pgf/basiclayer/pgfcoretransformation
s.code.tex
File: pgfcoretransformations.code.tex 2023-01-15 v3.1.10 (3.1.10)
\pgf@pt@x=\dimen314
\pgf@pt@y=\dimen315
\pgf@pt@temp=\dimen316
)
(/usr/share/texlive/texmf-dist/tex/generic/pgf/basiclayer/pgfcorequick.code.tex
File: pgfcorequick.code.tex 2023-01-15 v3.1.10 (3.1.10)
)
(/usr/share/texlive/texmf-dist/tex/generic/pgf/basiclayer/pgfcoreobjects.code.t
ex
File: pgfcoreobjects.code.tex 2023-01-15 v3.1.10 (3.1.10)
)
(/usr/share/texlive/texmf-dist/tex/generic/pgf/basiclayer/pgfcorepathprocessing
.code.tex
File: pgfcorepathprocessing.code.tex 2023-01-15 v3.1.10 (3.1.10)
)
(/usr/share/texlive/texmf-dist/tex/generic/pgf/basiclayer/pgfcorearrows.code.te
x
File: pgfcorearrows.code.tex 2023-01-15 v3.1.10 (3.1.10)
\pgfarrowsep=\dimen317
)
(/usr/share/texlive/texmf-dist/tex/generic/pgf/basiclayer/pgfcoreshade.code.tex
File: pgfcoreshade.code.tex 2023-01-15 v3.1.10 (3.1.10)
\pgf@max=\dimen318
\pgf@sys@shading@range@num=\count372
\pgf@shadingcount=\count373
)
(/usr/share/texlive/texmf-dist/tex/generic/pgf/basiclayer/pgfcoreimage.code.tex
File: pgfcoreimage.code.tex 2023-01-15 v3.1.10 (3.1.10)
)
(/usr/share/texlive/texmf-dist/tex/generic/pgf/basiclayer/pgfcoreexternal.code.
tex
File: pgfcoreexternal.code.tex 2023-01-15 v3.1.10 (3.1.10)
\pgfexternal@startupbox=\box124
)
(/usr/share/texlive/texmf-dist/tex/generic/pgf/basiclayer/pgfcorelayers.code.te
x
File: pgfcorelayers.code.tex 2023-01-15 v3.1.10 (3.1.10)
)
(/usr/share/texlive/texmf-dist/tex/generic/pgf/basiclayer/pgfcoretransparency.c
ode.tex
File: pgfcoretransparency.code.tex 2023-01-15 v3.1.10 (3.1.10)
)
(/usr/share/texlive/texmf-dist/tex/generic/pgf/basiclayer/pgfcorepatterns.code.
tex
File: pgfcorepatterns.code.tex 2023-01-15 v3.1.10 (3.1.10)
)
(/usr/share/texlive/texmf-dist/tex/generic/pgf/basiclayer/pgfcorerdf.code.tex
File: pgfcorerdf.code.tex 2023-01-15 v3.1.10 (3.1.10)
)))
(/usr/share/texlive/texmf-dist/tex/generic/pgf/modules/pgfmoduleshapes.code.tex
File: pgfmoduleshapes.code.tex 2023-01-15 v3.1.10 (3.1.10)
\pgfnodeparttextbox=\box125
) (/usr/share/texlive/texmf-dist/tex/generic/pgf/modules/pgfmoduleplot.code.tex
File: pgfmoduleplot.code.tex 2023-01-15 v3.1.10 (3.1.10)
)
(/usr/share/texlive/texmf-dist/tex/latex/pgf/compatibility/pgfcomp-version-0-65
.sty
Package: pgfcomp-version-0-65 2023-01-15 v3.1.10 (3.1.10)
\pgf@nodesepstart=\dimen319
\pgf@nodesepend=\dimen320
)
(/usr/share/texlive/texmf-dist/tex/latex/pgf/compatibility/pgfcomp-version-1-18
.sty
Package: pgfcomp-version-1-18 2023-01-15 v3.1.10 (3.1.10)
)) (/usr/share/texlive/texmf-dist/tex/latex/pgf/utilities/pgffor.sty
(/usr/share/texlive/texmf-dist/tex/latex/pgf/utilities/pgfkeys.sty
(/usr/share/texlive/texmf-dist/tex/generic/pgf/utilities/pgfkeys.code.tex))
(/usr/share/texlive/texmf-dist/tex/latex/pgf/math/pgfmath.sty
(/usr/share/texlive/texmf-dist/tex/generic/pgf/math/pgfmath.code.tex))
(/usr/share/texlive/texmf-dist/tex/generic/pgf/utilities/pgffor.code.tex
Package: pgffor 2023-01-15 v3.1.10 (3.1.10)
\pgffor@iter=\dimen321
\pgffor@skip=\dimen322
\pgffor@stack=\toks46
\pgffor@toks=\toks47
))
(/usr/share/texlive/texmf-dist/tex/generic/pgf/frontendlayer/tikz/tikz.code.tex
Package: tikz 2023-01-15 v3.1.10 (3.1.10)

(/usr/share/texlive/texmf-dist/tex/generic/pgf/libraries/pgflibraryplothandlers
.code.tex
File: pgflibraryplothandlers.code.tex 2023-01-15 v3.1.10 (3.1.10)
\pgf@plot@mark@count=\count374
\pgfplotmarksize=\dimen323
)
\tikz@lastx=\dimen324
\tikz@lasty=\dimen325
\tikz@lastxsaved=\dimen326
\tikz@lastysaved=\dimen327
\tikz@lastmovetox=\dimen328
\tikz@lastmovetoy=\dimen329
\tikzleveldistance=\dimen330
\tikzsiblingdistance=\dimen331
\tikz@figbox=\box126
\tikz@figbox@bg=\box127
\tikz@tempbox=\box128
\tikz@tempbox@bg=\box129
\tikztreelevel=\count375
\tikznumberofchildren=\count376
\tikznumberofcurrentchild=\count377
\tikz@fig@count=\count378

(/usr/share/texlive/texmf-dist/tex/generic/pgf/modules/pgfmodulematrix.code.tex
File: pgfmodulematrix.code.tex 2023-01-15 v3.1.10 (3.1.10)
\pgfmatrixcurrentrow=\count379
\pgfmatrixcurrentcolumn=\count380
\pgf@matrix@numberofcolumns=\count381
)
\tikz@expandcount=\count382

(/usr/share/texlive/texmf-dist/tex/generic/pgf/frontendlayer/tikz/libraries/tik
zlibrarytopaths.code.tex
File: tikzlibrarytopaths.code.tex 2023-01-15 v3.1.10 (3.1.10)
)))
(/usr/share/texlive/texmf-dist/tex/latex/pdfpages/pdfpages.sty
Package: pdfpages 2024/01/21 v0.5y Insert pages of external PDF documents (AM)

(/usr/share/texlive/texmf-dist/tex/latex/eso-pic/eso-pic.sty
Package: eso-pic 2023/05/03 v3.0c eso-pic (RN)
\ESO@tempdima=\dimen332
\ESO@tempdimb=\dimen333
)
\AM@pagewidth=\dimen334
\AM@pageheight=\dimen335
\AM@fboxrule=\dimen336

(/usr/share/texlive/texmf-dist/tex/latex/pdfpages/pppdftex.def
File: pppdftex.def 2024/01/21 v0.5y Pdfpages driver for pdfTeX (AM)
)
\pdfpages@includegraphics@status=\count383
\AM@pagebox=\box130
\AM@global@opts=\toks48
\AM@pagecnt=\count384
\AM@toc@title=\toks49
\AM@lof@heading=\toks50
\c@AM@survey=\count385
\AM@templatesizebox=\box131
)
(/usr/share/texlive/texmf-dist/tex/latex/base/makeidx.sty
Package: makeidx 2021/10/04 v1.0m Standard LaTeX package
)
(/usr/share/texlive/texmf-dist/tex/generic/pgf/frontendlayer/tikz/libraries/tik
zlibrarymatrix.code.tex
File: tikzlibrarymatrix.code.tex 2023-01-15 v3.1.10 (3.1.10)
)
(/usr/share/texlive/texmf-dist/tex/generic/pgf/frontendlayer/tikz/libraries/tik
zlibrarychains.code.tex
File: tikzlibrarychains.code.tex 2023-01-15 v3.1.10 (3.1.10)

(/usr/share/texlive/texmf-dist/tex/generic/pgf/frontendlayer/tikz/libraries/tik
zlibrarypositioning.code.tex
File: tikzlibrarypositioning.code.tex 2023-01-15 v3.1.10 (3.1.10)
))
(/usr/share/texlive/texmf-dist/tex/generic/pgf/frontendlayer/tikz/libraries/tik
zlibraryarrows.code.tex
File: tikzlibraryarrows.code.tex 2023-01-15 v3.1.10 (3.1.10)

(/usr/share/texlive/texmf-dist/tex/generic/pgf/libraries/pgflibraryarrows.code.
tex
File: pgflibraryarrows.code.tex 2023-01-15 v3.1.10 (3.1.10)
\arrowsize=\dimen337
))
(/usr/share/texlive/texmf-dist/tex/generic/pgf/libraries/pgflibraryarrows.meta.
code.tex
File: pgflibraryarrows.meta.code.tex 2023-01-15 v3.1.10 (3.1.10)
\pgfarrowinset=\dimen338
\pgfarrowlength=\dimen339
\pgfarrowwidth=\dimen340
\pgfarrowlinewidth=\dimen341
)
(/usr/share/texlive/texmf-dist/tex/generic/pgf/frontendlayer/tikz/libraries/tik
zlibraryfit.code.tex
File: tikzlibraryfit.code.tex 2023-01-15 v3.1.10 (3.1.10)
)
(/usr/share/texlive/texmf-dist/tex/generic/pgf/frontendlayer/tikz/libraries/tik
zlibrarycalc.code.tex
File: tikzlibrarycalc.code.tex 2023-01-15 v3.1.10 (3.1.10)
)
(/usr/share/texlive/texmf-dist/tex/generic/pgf/frontendlayer/tikz/libraries/tik
zlibrarytrees.code.tex
File: tikzlibrarytrees.code.tex 2023-01-15 v3.1.10 (3.1.10)
)
(/usr/share/texlive/texmf-dist/tex/generic/pgf/frontendlayer/tikz/libraries/tik
zlibraryshapes.code.tex
File: tikzlibraryshapes.code.tex 2023-01-15 v3.1.10 (3.1.10)

(/usr/share/texlive/texmf-dist/tex/generic/pgf/frontendlayer/tikz/libraries/tik
zlibraryshapes.geometric.code.tex
File: tikzlibraryshapes.geometric.code.tex 2023-01-15 v3.1.10 (3.1.10)

(/usr/share/texlive/texmf-dist/tex/generic/pgf/libraries/shapes/pgflibraryshape
s.geometric.code.tex
File: pgflibraryshapes.geometric.code.tex 2023-01-15 v3.1.10 (3.1.10)
))
(/usr/share/texlive/texmf-dist/tex/generic/pgf/frontendlayer/tikz/libraries/tik
zlibraryshapes.misc.code.tex
File: tikzlibraryshapes.misc.code.tex 2023-01-15 v3.1.10 (3.1.10)

(/usr/share/texlive/texmf-dist/tex/generic/pgf/libraries/shapes/pgflibraryshape
s.misc.code.tex
File: pgflibraryshapes.misc.code.tex 2023-01-15 v3.1.10 (3.1.10)
))
(/usr/share/texlive/texmf-dist/tex/generic/pgf/frontendlayer/tikz/libraries/tik
zlibraryshapes.symbols.code.tex
File: tikzlibraryshapes.symbols.code.tex 2023-01-15 v3.1.10 (3.1.10)

(/usr/share/texlive/texmf-dist/tex/generic/pgf/libraries/shapes/pgflibraryshape
s.symbols.code.tex
File: pgflibraryshapes.symbols.code.tex 2023-01-15 v3.1.10 (3.1.10)
))
(/usr/share/texlive/texmf-dist/tex/generic/pgf/frontendlayer/tikz/libraries/tik
zlibraryshapes.arrows.code.tex
File: tikzlibraryshapes.arrows.code.tex 2023-01-15 v3.1.10 (3.1.10)

(/usr/share/texlive/texmf-dist/tex/generic/pgf/libraries/shapes/pgflibraryshape
s.arrows.code.tex
File: pgflibraryshapes.arrows.code.tex 2023-01-15 v3.1.10 (3.1.10)
))
(/usr/share/texlive/texmf-dist/tex/generic/pgf/frontendlayer/tikz/libraries/tik
zlibraryshapes.callouts.code.tex
(/usr/share/texlive/texmf-dist/tex/generic/pgf/libraries/shapes/pgflibraryshape
s.callouts.code.tex))
(/usr/share/texlive/texmf-dist/tex/generic/pgf/frontendlayer/tikz/libraries/tik
zlibraryshapes.multipart.code.tex
File: tikzlibraryshapes.multipart.code.tex 2023-01-15 v3.1.10 (3.1.10)

(/usr/share/texlive/texmf-dist/tex/generic/pgf/libraries/shapes/pgflibraryshape
s.multipart.code.tex
File: pgflibraryshapes.multipart.code.tex 2023-01-15 v3.1.10 (3.1.10)
\pgfnodepartlowerbox=\box132
\pgfnodeparttwobox=\box133
\pgfnodepartthreebox=\box134
\pgfnodepartfourbox=\box135
\pgfnodeparttwentybox=\box136
\pgfnodepartnineteenbox=\box137
\pgfnodeparteighteenbox=\box138
\pgfnodepartseventeenbox=\box139
\pgfnodepartsixteenbox=\box140
\pgfnodepartfifteenbox=\box141
\pgfnodepartfourteenbox=\box142
\pgfnodepartthirteenbox=\box143
\pgfnodeparttwelvebox=\box144
\pgfnodepartelevenbox=\box145
\pgfnodeparttenbox=\box146
\pgfnodepartninebox=\box147
\pgfnodeparteightbox=\box148
\pgfnodepartsevenbox=\box149
\pgfnodepartsixbox=\box150
\pgfnodepartfivebox=\box151
)))
(/usr/share/texlive/texmf-dist/tex/generic/pgf/frontendlayer/tikz/libraries/tik
zlibrarydecorations.pathreplacing.code.tex
(/usr/share/texlive/texmf-dist/tex/generic/pgf/frontendlayer/tikz/libraries/tik
zlibrarydecorations.code.tex
(/usr/share/texlive/texmf-dist/tex/generic/pgf/modules/pgfmoduledecorations.cod
e.tex
\pgfdecoratedcompleteddistance=\dimen342
\pgfdecoratedremainingdistance=\dimen343
\pgfdecoratedinputsegmentcompleteddistance=\dimen344
\pgfdecoratedinputsegmentremainingdistance=\dimen345
\pgf@decorate@distancetomove=\dimen346
\pgf@decorate@repeatstate=\count386
\pgfdecorationsegmentamplitude=\dimen347
\pgfdecorationsegmentlength=\dimen348
)
\tikz@lib@dec@box=\box152
)
(/usr/share/texlive/texmf-dist/tex/generic/pgf/libraries/decorations/pgflibrary
decorations.pathreplacing.code.tex))
(/usr/share/texlive/texmf-dist/tex/generic/pgf/frontendlayer/tikz/libraries/tik
zlibrarydecorations.pathmorphing.code.tex
(/usr/share/texlive/texmf-dist/tex/generic/pgf/libraries/decorations/pgflibrary
decorations.pathmorphing.code.tex))
(/usr/share/texlive/texmf-dist/tex/latex/xpatch/xpatch.sty
(/usr/share/texlive/texmf-dist/tex/latex/l3kernel/expl3.sty
Package: expl3 2024-01-22 L3 programming layer (loader) 

(/usr/share/texlive/texmf-dist/tex/latex/l3backend/l3backend-pdftex.def
File: l3backend-pdftex.def 2024-01-04 L3 backend support: PDF output (pdfTeX)
\l__color_backend_stack_int=\count387
\l__pdf_internal_box=\box153
))
Package: xpatch 2020/03/25 v0.3a Extending etoolbox patching commands

(/usr/share/texlive/texmf-dist/tex/latex/l3packages/xparse/xparse.sty
Package: xparse 2023-10-10 L3 Experimental document command parser
))
(/usr/share/texlive/texmf-dist/tex/latex/biblatex/biblatex.sty
Package: biblatex 2023/03/05 v3.19 programmable bibliographies (PK/MW)

(/usr/share/texlive/texmf-dist/tex/latex/logreq/logreq.sty
Package: logreq 2010/08/04 v1.0 xml request logger
\lrq@indent=\count388

(/usr/share/texlive/texmf-dist/tex/latex/logreq/logreq.def
File: logreq.def 2010/08/04 v1.0 logreq spec v1.0
))
\c@tabx@nest=\count389
\c@listtotal=\count390
\c@listcount=\count391
\c@liststart=\count392
\c@liststop=\count393
\c@citecount=\count394
\c@citetotal=\count395
\c@multicitecount=\count396
\c@multicitetotal=\count397
\c@instcount=\count398
\c@maxnames=\count399
\c@minnames=\count400
\c@maxitems=\count401
\c@minitems=\count402
\c@citecounter=\count403
\c@maxcitecounter=\count404
\c@savedcitecounter=\count405
\c@uniquelist=\count406
\c@uniquename=\count407
\c@refsection=\count408
\c@refsegment=\count409
\c@maxextratitle=\count410
\c@maxextratitleyear=\count411
\c@maxextraname=\count412
\c@maxextradate=\count413
\c@maxextraalpha=\count414
\c@abbrvpenalty=\count415
\c@highnamepenalty=\count416
\c@lownamepenalty=\count417
\c@maxparens=\count418
\c@parenlevel=\count419
\blx@tempcnta=\count420
\blx@tempcntb=\count421
\blx@tempcntc=\count422
\c@blx@maxsection=\count423
\blx@maxsegment@0=\count424
\blx@notetype=\count425
\blx@parenlevel@text=\count426
\blx@parenlevel@foot=\count427
\blx@sectionciteorder@0=\count428
\blx@sectionciteorderinternal@0=\count429
\blx@entrysetcounter=\count430
\blx@biblioinstance=\count431
\labelnumberwidth=\skip69
\labelalphawidth=\skip70
\biblabelsep=\skip71
\bibitemsep=\skip72
\bibnamesep=\skip73
\bibinitsep=\skip74
\bibparsep=\skip75
\bibhang=\skip76
\blx@bcfin=\read6
\blx@bcfout=\write6
\blx@langwohyphens=\language33
\c@mincomprange=\count432
\c@maxcomprange=\count433
\c@mincompwidth=\count434
Package biblatex Info: Trying to load biblatex default data model...
Package biblatex Info: ... file 'blx-dm.def' found.

(/usr/share/texlive/texmf-dist/tex/latex/biblatex/blx-dm.def
File: blx-dm.def 2023/03/05 v3.19 biblatex localization (PK/MW)
)
Package biblatex Info: Trying to load biblatex style data model...
Package biblatex Info: ... file 'authoryear.dbx' not found.
Package biblatex Info: Trying to load biblatex custom data model...
Package biblatex Info: ... file 'biblatex-dm.cfg' not found.
\c@afterword=\count435
\c@savedafterword=\count436
\c@annotator=\count437
\c@savedannotator=\count438
\c@author=\count439
\c@savedauthor=\count440
\c@bookauthor=\count441
\c@savedbookauthor=\count442
\c@commentator=\count443
\c@savedcommentator=\count444
\c@editor=\count445
\c@savededitor=\count446
\c@editora=\count447
\c@savededitora=\count448
\c@editorb=\count449
\c@savededitorb=\count450
\c@editorc=\count451
\c@savededitorc=\count452
\c@foreword=\count453
\c@savedforeword=\count454
\c@holder=\count455
\c@savedholder=\count456
\c@introduction=\count457
\c@savedintroduction=\count458
\c@namea=\count459
\c@savednamea=\count460
\c@nameb=\count461
\c@savednameb=\count462
\c@namec=\count463
\c@savednamec=\count464
\c@translator=\count465
\c@savedtranslator=\count466
\c@shortauthor=\count467
\c@savedshortauthor=\count468
\c@shorteditor=\count469
\c@savedshorteditor=\count470
\c@labelname=\count471
\c@savedlabelname=\count472
\c@institution=\count473
\c@savedinstitution=\count474
\c@lista=\count475
\c@savedlista=\count476
\c@listb=\count477
\c@savedlistb=\count478
\c@listc=\count479
\c@savedlistc=\count480
\c@listd=\count481
\c@savedlistd=\count482
\c@liste=\count483
\c@savedliste=\count484
\c@listf=\count485
\c@savedlistf=\count486
\c@location=\count487
\c@savedlocation=\count488
\c@organization=\count489
\c@savedorganization=\count490
\c@origlocation=\count491
\c@savedoriglocation=\count492
\c@origpublisher=\count493
\c@savedorigpublisher=\count494
\c@publisher=\count495
\c@savedpublisher=\count496
\c@language=\count497
\c@savedlanguage=\count498
\c@origlanguage=\count499
\c@savedoriglanguage=\count500
\c@pageref=\count501
\c@savedpageref=\count502
\shorthandwidth=\skip77
\shortjournalwidth=\skip78
\shortserieswidth=\skip79
\shorttitlewidth=\skip80
\shortauthorwidth=\skip81
\shorteditorwidth=\skip82
\locallabelnumberwidth=\skip83
\locallabelalphawidth=\skip84
\localshorthandwidth=\skip85
\localshortjournalwidth=\skip86
\localshortserieswidth=\skip87
\localshorttitlewidth=\skip88
\localshortauthorwidth=\skip89
\localshorteditorwidth=\skip90
Package biblatex Info: Trying to load compatibility code...
Package biblatex Info: ... file 'blx-compat.def' found.

(/usr/share/texlive/texmf-dist/tex/latex/biblatex/blx-compat.def
File: blx-compat.def 2023/03/05 v3.19 biblatex compatibility (PK/MW)
)
Package biblatex Info: Trying to load generic definitions...
Package biblatex Info: ... file 'biblatex.def' found.

(/usr/share/texlive/texmf-dist/tex/latex/biblatex/biblatex.def
File: biblatex.def 2023/03/05 v3.19 biblatex compatibility (PK/MW)
\c@textcitecount=\count503
\c@textcitetotal=\count504
\c@textcitemaxnames=\count505
\c@biburlbigbreakpenalty=\count506
\c@biburlbreakpenalty=\count507
\c@biburlnumpenalty=\count508
\c@biburlucpenalty=\count509
\c@biburllcpenalty=\count510
\biburlbigskip=\muskip18
\biburlnumskip=\muskip19
\biburlucskip=\muskip20
\biburllcskip=\muskip21
\c@smartand=\count511
)
Package biblatex Info: Trying to load bibliography style 'authoryear'...
Package biblatex Info: ... file 'authoryear.bbx' found.

(/usr/share/texlive/texmf-dist/tex/latex/biblatex/bbx/authoryear.bbx
File: authoryear.bbx 2023/03/05 v3.19 biblatex bibliography style (PK/MW)
Package biblatex Info: Trying to load bibliography style 'standard'...
Package biblatex Info: ... file 'standard.bbx' found.

(/usr/share/texlive/texmf-dist/tex/latex/biblatex/bbx/standard.bbx
File: standard.bbx 2023/03/05 v3.19 biblatex bibliography style (PK/MW)
\c@bbx:relatedcount=\count512
\c@bbx:relatedtotal=\count513
))
Package biblatex Info: Trying to load citation style 'authoryear'...
Package biblatex Info: ... file 'authoryear.cbx' found.

(/usr/share/texlive/texmf-dist/tex/latex/biblatex/cbx/authoryear.cbx
File: authoryear.cbx 2023/03/05 v3.19 biblatex citation style (PK/MW)
Package biblatex Info: Redefining '\cite'.
Package biblatex Info: Redefining '\parencite'.
Package biblatex Info: Redefining '\footcite'.
Package biblatex Info: Redefining '\footcitetext'.
Package biblatex Info: Redefining '\smartcite'.
Package biblatex Info: Redefining '\textcite'.
Package biblatex Info: Redefining '\textcites'.
)
Package biblatex Info: Trying to load configuration file...
Package biblatex Info: ... file 'biblatex.cfg' found.

(/usr/share/texlive/texmf-dist/tex/latex/biblatex/biblatex.cfg
File: biblatex.cfg 
)

Package biblatex Warning: 'firstinits' option is deprecated.
(biblatex)                Please use 'giveninits' instead.

Package biblatex Info: Input encoding 'utf8' detected.
Package biblatex Info: Document encoding is UTF8 ....
Package biblatex Info: ... and expl3
(biblatex)             2024-01-22 L3 programming layer (loader) 
(biblatex)             is new enough (at least 2020/04/06),
(biblatex)             setting 'casechanger=expl3'.
(/usr/share/texlive/texmf-dist/tex/latex/biblatex/blx-case-expl3.sty
Package: blx-case-expl3 2023/03/05 v3.19 expl3 case changing code for biblatex
))
(/usr/share/texlive/texmf-dist/tex/latex/nomencl/nomencl.sty
Package: nomencl 2021/11/10 v5.6 Nomenclature package

(/usr/share/texlive/texmf-dist/tex/latex/koma-script/tocbasic.sty
Package: tocbasic 2023/07/07 v3.41 KOMA-Script package (handling toc-files)

(/usr/share/texlive/texmf-dist/tex/latex/koma-script/scrbase.sty
Package: scrbase 2023/07/07 v3.41 KOMA-Script package (KOMA-Script-independent 
basics and keyval usage)

(/usr/share/texlive/texmf-dist/tex/latex/koma-script/scrlfile.sty
Package: scrlfile 2023/07/07 v3.41 KOMA-Script package (file load hooks)

(/usr/share/texlive/texmf-dist/tex/latex/koma-script/scrlfile-hook.sty
Package: scrlfile-hook 2023/07/07 v3.41 KOMA-Script package (using LaTeX hooks)


(/usr/share/texlive/texmf-dist/tex/latex/koma-script/scrlogo.sty
Package: scrlogo 2023/07/07 v3.41 KOMA-Script package (logo)
)))
Applying: [2021/05/01] Usage of raw or classic option list on input line 252.
Already applied: [0000/00/00] Usage of raw or classic option list on input line
 368.
)
\scr@dte@tocline@numberwidth=\skip91
\scr@dte@tocline@numbox=\box154
)
Package tocbasic Info: setting babel extension for `nlo' on input line 187.
Package tocbasic Info: setting babel extension for `nls' on input line 188.
\nomlabelwidth=\dimen349
\nom@tempdim=\dimen350
\nomitemsep=\skip92
)
\@glossaryfile=\write7
\openout7 = `index.glo'.


Writing glossary file index.glo 
) (/usr/share/texlive/texmf-dist/tex/latex/caption/caption.sty
Package: caption 2023/08/05 v3.6o Customizing captions (AR)

(/usr/share/texlive/texmf-dist/tex/latex/caption/caption3.sty
Package: caption3 2023/07/31 v2.4d caption3 kernel (AR)
\caption@tempdima=\dimen351
\captionmargin=\dimen352
\caption@leftmargin=\dimen353
\caption@rightmargin=\dimen354
\caption@width=\dimen355
\caption@indent=\dimen356
\caption@parindent=\dimen357
\caption@hangindent=\dimen358
Package caption Info: Standard document class detected.
)
\c@caption@flags=\count514
\c@continuedfloat=\count515
Package caption Info: float package is loaded.
Package caption Info: hyperref package is loaded.
Package caption Info: listings package is loaded.
Package caption Info: threeparttable package is loaded.
)
(/usr/share/texlive/texmf-dist/tex/latex/amsfonts/amssymb.sty
Package: amssymb 2013/01/14 v3.01 AMS font symbols

(/usr/share/texlive/texmf-dist/tex/latex/amsfonts/amsfonts.sty
Package: amsfonts 2013/01/14 v3.01 Basic AMSFonts support
\symAMSa=\mathgroup5
\symAMSb=\mathgroup6
LaTeX Font Info:    Redeclaring math symbol \hbar on input line 98.
LaTeX Font Info:    Overwriting math alphabet `\mathfrak' in version `bold'
(Font)                  U/euf/m/n --> U/euf/b/n on input line 106.
))

Package ugmskripsi Warning: Failed to patch LoF spacing on input line 20.


Package ugmskripsi Warning: Failed to patch LoT spacing on input line 26.

(/usr/share/texlive/texmf-dist/tex/latex/caption/subcaption.sty
Package: subcaption 2023/07/28 v1.6b Sub-captions (AR)
Package caption Info: New subtype `subfigure' on input line 238.
\c@subfigure=\count516
Package caption Info: New subtype `subtable' on input line 238.
\c@subtable=\count517
)
(/usr/share/texlive/texmf-dist/tex/latex/diagbox/diagbox.sty
Package: diagbox 2020/02/09 v2.3 Making table heads with diagonal lines

(/usr/share/texlive/texmf-dist/tex/latex/pict2e/pict2e.sty
Package: pict2e 2020/09/30 v0.4b Improved picture commands (HjG,RN,JT)

(/usr/share/texlive/texmf-dist/tex/latex/pict2e/pict2e.cfg
File: pict2e.cfg 2016/02/05 v0.1u pict2e configuration for teTeX/TeXLive
)
Package pict2e Info: Driver file: pdftex.def on input line 112.
Package pict2e Info: Driver file for pict2e: p2e-pdftex.def on input line 114.

(/usr/share/texlive/texmf-dist/tex/latex/pict2e/p2e-pdftex.def
File: p2e-pdftex.def 2016/02/05 v0.1u Driver-dependant file (RN,HjG,JT)
)
\pIIe@GRAPH=\toks51
\@arclen=\dimen359
\@arcrad=\dimen360
\pIIe@tempdima=\dimen361
\pIIe@tempdimb=\dimen362
\pIIe@tempdimc=\dimen363
\pIIe@tempdimd=\dimen364
\pIIe@tempdime=\dimen365
\pIIe@tempdimf=\dimen366
)
\diagbox@boxa=\box155
\diagbox@boxb=\box156
\diagbox@boxm=\box157
\diagbox@wd=\dimen367
\diagbox@ht=\dimen368
\diagbox@insepl=\dimen369
\diagbox@insepr=\dimen370
\diagbox@outsepl=\dimen371
\diagbox@outsepr=\dimen372
)
(/usr/share/texlive/texmf-dist/tex/latex/easy/easytable.sty
Document Style `easytable' v1.0 <2001/06/13>.
(/usr/share/texlive/texmf-dist/tex/latex/easy/easy.sty
Document Style `easy' v1.1 <2001/05/31>.
Package: easy 2001/05/31 v1.1
\@easy@level=\count518
\@easy@ncol=\count519
\@easy@nrow=\count520
\@easy@cnt=\count521
\@easy@boxviii=\box158
\@easy@minxviii=\dimen373
\@easy@minyviii=\dimen374
\@easy@maxxviii=\dimen375
\@easy@maxyviii=\dimen376
\@easy@boxvii=\box159
\@easy@minxvii=\dimen377
\@easy@minyvii=\dimen378
\@easy@maxxvii=\dimen379
\@easy@maxyvii=\dimen380
\@easy@boxvi=\box160
\@easy@minxvi=\dimen381
\@easy@minyvi=\dimen382
\@easy@maxxvi=\dimen383
\@easy@maxyvi=\dimen384
\@easy@boxv=\box161
\@easy@minxv=\dimen385
\@easy@minyv=\dimen386
\@easy@maxxv=\dimen387
\@easy@maxyv=\dimen388
\@easy@boxiv=\box162
\@easy@minxiv=\dimen389
\@easy@minyiv=\dimen390
\@easy@maxxiv=\dimen391
\@easy@maxyiv=\dimen392
\@easy@boxiii=\box163
\@easy@minxiii=\dimen393
\@easy@minyiii=\dimen394
\@easy@maxxiii=\dimen395
\@easy@maxyiii=\dimen396
\@easy@boxii=\box164
\@easy@minxii=\dimen397
\@easy@minyii=\dimen398
\@easy@maxxii=\dimen399
\@easy@maxyii=\dimen400
\@easy@boxi=\box165
\@easy@minxi=\dimen401
\@easy@minyi=\dimen402
\@easy@maxxi=\dimen403
\@easy@maxyi=\dimen404
\@easy@hsizexxx=\dimen405
\@easy@vsizexxx=\dimen406
\@easy@hsizexxix=\dimen407
\@easy@vsizexxix=\dimen408
\@easy@hsizexxviii=\dimen409
\@easy@vsizexxviii=\dimen410
\@easy@hsizexxvii=\dimen411
\@easy@vsizexxvii=\dimen412
\@easy@hsizexxvi=\dimen413
\@easy@vsizexxvi=\dimen414
\@easy@hsizexxv=\dimen415
\@easy@vsizexxv=\dimen416
\@easy@hsizexxiv=\dimen417
\@easy@vsizexxiv=\dimen418
\@easy@hsizexxiii=\dimen419
\@easy@vsizexxiii=\dimen420
\@easy@hsizexxii=\dimen421
\@easy@vsizexxii=\dimen422
\@easy@hsizexxi=\dimen423
\@easy@vsizexxi=\dimen424
\@easy@hsizexx=\dimen425
\@easy@vsizexx=\dimen426
\@easy@hsizexix=\dimen427
\@easy@vsizexix=\dimen428
\@easy@hsizexviii=\dimen429
\@easy@vsizexviii=\dimen430
\@easy@hsizexvii=\dimen431
\@easy@vsizexvii=\dimen432
\@easy@hsizexvi=\dimen433
\@easy@vsizexvi=\dimen434
\@easy@hsizexv=\dimen435
\@easy@vsizexv=\dimen436
\@easy@hsizexiv=\dimen437
\@easy@vsizexiv=\dimen438
\@easy@hsizexiii=\dimen439
\@easy@vsizexiii=\dimen440
\@easy@hsizexii=\dimen441
\@easy@vsizexii=\dimen442
\@easy@hsizexi=\dimen443
\@easy@vsizexi=\dimen444
\@easy@hsizex=\dimen445
\@easy@vsizex=\dimen446
\@easy@hsizeix=\dimen447
\@easy@vsizeix=\dimen448
\@easy@hsizeviii=\dimen449
\@easy@vsizeviii=\dimen450
\@easy@hsizevii=\dimen451
\@easy@vsizevii=\dimen452
\@easy@hsizevi=\dimen453
\@easy@vsizevi=\dimen454
\@easy@hsizev=\dimen455
\@easy@vsizev=\dimen456
\@easy@hsizeiv=\dimen457
\@easy@vsizeiv=\dimen458
\@easy@hsizeiii=\dimen459
\@easy@vsizeiii=\dimen460
\@easy@hsizeii=\dimen461
\@easy@vsizeii=\dimen462
\@easy@hsizei=\dimen463
\@easy@vsizei=\dimen464
\@easy@dash@len=\dimen465
\@easy@dash@sep=\dimen466
)
Package: easytable 2001/05/31v1.1
\@tab@size@rule=\dimen467
\@tab@size@dash=\dimen468
)
runsystem(command -v pygmentize && touch index.aex)...executed.

runsystem(rm index.aex)...executed.

Package csquotes Info: Checking for multilingual support...
Package csquotes Info: ... found 'babel' package.
Package csquotes Info: Adjusting default style.


Package csquotes Warning: No style for language 'indonesian'.
(csquotes)                Using fallback style on input line 79.

Package csquotes Info: Redefining alias 'default' -> 'fallback'.

Package biblatex Warning: Conflicting options.
(biblatex)                '<namepart>inits' conflicts with 'uniquename=full'.
(biblatex)                Setting 'uniquename=init' on input line 79.

LaTeX Font Info:    Trying to load font information for T1+ptm on input line 79
.
(/usr/share/texlive/texmf-dist/tex/latex/psnfss/t1ptm.fd
File: t1ptm.fd 2001/06/04 font definitions for T1/ptm.
) (./index.aux

LaTeX Warning: Label `fig:AlurBesar' multiply defined.

)
\openout1 = `index.aux'.

LaTeX Font Info:    Checking defaults for OML/cmm/m/it on input line 79.
LaTeX Font Info:    ... okay on input line 79.
LaTeX Font Info:    Checking defaults for OMS/cmsy/m/n on input line 79.
LaTeX Font Info:    ... okay on input line 79.
LaTeX Font Info:    Checking defaults for OT1/cmr/m/n on input line 79.
LaTeX Font Info:    ... okay on input line 79.
LaTeX Font Info:    Checking defaults for T1/cmr/m/n on input line 79.
LaTeX Font Info:    ... okay on input line 79.
LaTeX Font Info:    Checking defaults for TS1/cmr/m/n on input line 79.
LaTeX Font Info:    ... okay on input line 79.
LaTeX Font Info:    Checking defaults for OMX/cmex/m/n on input line 79.
LaTeX Font Info:    ... okay on input line 79.
LaTeX Font Info:    Checking defaults for U/cmr/m/n on input line 79.
LaTeX Font Info:    ... okay on input line 79.
LaTeX Font Info:    Checking defaults for PD1/pdf/m/n on input line 79.
LaTeX Font Info:    ... okay on input line 79.
LaTeX Font Info:    Checking defaults for PU/pdf/m/n on input line 79.
LaTeX Font Info:    ... okay on input line 79.
 (/usr/share/texlive/texmf-dist/tex/context/base/mkii/supp-pdf.mkii
[Loading MPS to PDF converter (version 2006.09.02).]
\scratchcounter=\count522
\scratchdimen=\dimen469
\scratchbox=\box166
\nofMPsegments=\count523
\nofMParguments=\count524
\everyMPshowfont=\toks52
\MPscratchCnt=\count525
\MPscratchDim=\dimen470
\MPnumerator=\count526
\makeMPintoPDFobject=\count527
\everyMPtoPDFconversion=\toks53
) (/usr/share/texlive/texmf-dist/tex/latex/epstopdf-pkg/epstopdf-base.sty
Package: epstopdf-base 2020-01-24 v2.11 Base part for package epstopdf

(/usr/share/texlive/texmf-dist/tex/latex/grfext/grfext.sty
Package: grfext 2019/12/03 v1.3 Manage graphics extensions (HO)
)
Package epstopdf-base Info: Redefining graphics rule for `.eps' on input line 4
85.
Package grfext Info: Graphics extension search list:
(grfext)             [.pdf,.png,.jpg,.mps,.jpeg,.jbig2,.jb2,.PDF,.PNG,.JPG,.JPE
G,.JBIG2,.JB2,.eps]
(grfext)             \AppendGraphicsExtensions on input line 504.

(/usr/share/texlive/texmf-dist/tex/latex/latexconfig/epstopdf-sys.cfg
File: epstopdf-sys.cfg 2010/07/13 v1.3 Configuration of (r)epstopdf for TeX Liv
e
))
Package hyperref Info: Link coloring OFF on input line 79.

(./index.out) (./index.out)
\@outlinefile=\write8
\openout8 = `index.out'.

\c@lstlisting=\count528
Package biblatex Info: Trying to load language 'english'...
Package biblatex Info: ... file 'english.lbx' found.

(/usr/share/texlive/texmf-dist/tex/latex/biblatex/lbx/english.lbx
File: english.lbx 2023/03/05 v3.19 biblatex localization (PK/MW)
)
Package biblatex Info: Trying to load language 'indonesian'...
Package biblatex Info: ... file 'indonesian.lbx' not found.


Package biblatex Warning: Language 'indonesian' not supported.
(biblatex)                Using dummy definitions on input line 79.

Package biblatex Info: Input encoding 'utf8' detected.
Package biblatex Info: Automatic encoding selection.
(biblatex)             Assuming data encoding 'utf8'.
\openout6 = `index.bcf'.

Package biblatex Info: Trying to load bibliographic data...
Package biblatex Info: ... file 'index.bbl' not found.
No file index.bbl.
Package biblatex Info: Reference section=0 on input line 79.
Package biblatex Info: Reference segment=0 on input line 79.
Package caption Info: Begin \AtBeginDocument code.
Package caption Info: End \AtBeginDocument code.
<Images/logougm.png, id=240, 110.5731pt x 112.2594pt>
File: Images/logougm.png Graphic file (type png)
<use Images/logougm.png>
Package pdftex.def Info: Images/logougm.png  used on input line 81.
(pdftex.def)             Requested size: 180.67566pt x 183.4471pt.
[1

{/var/lib/texmf/fonts/map/pdftex/updmap/pdftex.map}{/usr/share/texlive/texmf-di
st/fonts/enc/dvips/base/8r.enc} <./Images/logougm.png>] (./motto.tex)
(./prakata.tex) (./index.toc
LaTeX Font Info:    Trying to load font information for U+lasy on input line 8.


(/usr/share/texlive/texmf-dist/tex/latex/base/ulasy.fd
File: ulasy.fd 1998/08/17 v2.2e LaTeX symbol font definitions
)
LaTeX Font Info:    Trying to load font information for U+msa on input line 8.

(/usr/share/texlive/texmf-dist/tex/latex/amsfonts/umsa.fd
File: umsa.fd 2013/01/14 v3.01 AMS symbols A
)
LaTeX Font Info:    Trying to load font information for U+msb on input line 8.

(/usr/share/texlive/texmf-dist/tex/latex/amsfonts/umsb.fd
File: umsb.fd 2013/01/14 v3.01 AMS symbols B
)
Overfull \hbox (0.931pt too wide) in paragraph at lines 16--16
 [][] [][]\T1/ptm/m/n/12 Pendekatan me-to-do-lo-gis da-lam pe-mo-del-an la-w-an
 un-tuk \T1/ptm/m/it/12 Re-pe-a-ted Ga- 
 []

[2




] [3])
\tf@toc=\write9
\openout9 = `index.toc'.

 [4] (./index.lot)
\tf@lot=\write10
\openout10 = `index.lot'.

 [5


] (./index.lof
Overfull \hbox (12.26894pt too wide) in paragraph at lines 6--6
 [][] [][]\T1/ptm/m/n/12 Finite Au-to-ma-ta un-tuk stra-te-gi IPD [][] [][]  
 []

)
\tf@lof=\write11
\openout11 = `index.lof'.

 [6


] (./abstract_ind.tex) [7

] (./abstract_eng.tex) [8

]
\bbl@ensure@indonesian {BAB} I.
(./file_bab1.tex

LaTeX Warning: Citation 'hernandez-leal_survey_2019' on page 1 undefined on inp
ut line 3.


Overfull \hbox (68.81323pt too wide) in paragraph at lines 3--4
\T1/ptm/m/n/12 kung-an so-si-al atau-pun \T1/ptm/m/it/12 multi-agent re-in-for-
ce-ment le-ar-ning \T1/ptm/m/n/12 (MARL)([]).
 []


LaTeX Warning: Citation 'axelrod_evolution_1981' on page 1 undefined on input l
ine 5.


LaTeX Warning: Citation 'nashed_survey_2022' on page 1 undefined on input line 
7.


LaTeX Warning: Citation 'nashed_survey_2022' on page 1 undefined on input line 
9.


Overfull \hbox (6.29103pt too wide) in paragraph at lines 11--12
[]\T1/ptm/m/n/12 Berdasarkan kon-di-si ter-se-but, ter-da-pat ke-bu-tuh-an un-t
uk se-ca-ra sis-te-ma-tis meng-
 []


Overfull \hbox (7.4308pt too wide) in paragraph at lines 15--16
[]\T1/ptm/m/n/12 Dalam per-ma-in-an ber-u-lang se-per-ti \T1/ptm/m/it/12 Ite-ra
-ted Pri-so-ner's Di-lem-ma\T1/ptm/m/n/12 , in-te-rak-si antar-
 []

[1


] [2]
Overfull \hbox (0.11243pt too wide) in paragraph at lines 44--45
[]\T1/ptm/m/n/12 Mengembangkan dan meng-im-ple-men-ta-sik-an me-ka-nis-me pre-d
ik-si tra-je-ctory ak-
 []

[3]) [4]
\bbl@ensure@indonesian {BAB} II.
(./file_bab2.tex

LaTeX Warning: Reference `tab:ringkasan_terkait' on page 5 undefined on input l
ine 17.


LaTeX Warning: Citation 'qiao_o2m_2024' on page 5 undefined on input line 17.


LaTeX Warning: Citation 'zhu_evolutionary_2025' on page 5 undefined on input li
ne 17.


Overfull \hbox (2.63406pt too wide) in paragraph at lines 17--18
\T1/ptm/m/n/12 mo-del-an eks-pli-sit ter-ha-dap la-w-an di-tun-jukk-an oleh Onl
i-ne Op-po-nent Mo-de-ling (O2M)
 []


LaTeX Warning: Citation 'lv_inducing_2023' on page 5 undefined on input line 19
.


LaTeX Warning: Citation 'li_exploiting_2025' on page 5 undefined on input line 
19.


LaTeX Warning: Citation 'wang_achieving_2019' on page 5 undefined on input line
 19.


LaTeX Warning: Citation 'di_coupling_2023' on page 5 undefined on input line 21
.


LaTeX Warning: Citation 'elhamer_effects_2020' on page 5 undefined on input lin
e 21.


LaTeX Warning: Citation 'gomez_grounded_2025' on page 5 undefined on input line
 21.

[5

]

LaTeX Warning: Citation 'freire_modeling_2023' on page 6 undefined on input lin
e 23.


LaTeX Warning: Citation 'hu_modeling_2023' on page 6 undefined on input line 23
.


LaTeX Warning: Citation 'de_weerd_higher-order_2022' on page 6 undefined on inp
ut line 23.


LaTeX Warning: Citation 'jin_achieving_2025' on page 6 undefined on input line 
23.


LaTeX Warning: Citation 'perera_learning_2025' on page 6 undefined on input lin
e 23.


Overfull \hbox (0.55827pt too wide) in paragraph at lines 23--24
\T1/ptm/m/n/12 del di-la-pork-an men-ca-pai kon-ver-gen-si le-bih ce-pat di-ban
-ding TD-learning stan-dar, mes-
 []

[6]

LaTeX Warning: Citation 'jin_achieving_2025' on page 7 undefined on input line 
52.


LaTeX Warning: Citation 'gomez_grounded_2025' on page 7 undefined on input line
 52.


LaTeX Warning: Citation 'elhamer_effects_2020' on page 7 undefined on input lin
e 52.


Overfull \hbox (0.59348pt too wide) in paragraph at lines 52--53
\T1/ptm/m/n/12 ri-a-si ting-kat kom-plek-si-tas in-te-rak-si yang di-mo-delk-an
. Stu-di pa-da []
 []


LaTeX Warning: Citation 'qiao_o2m_2024' on page 7 undefined on input line 54.


LaTeX Warning: Citation 'lv_inducing_2023' on page 7 undefined on input line 54
.


LaTeX Warning: Citation 'li_exploiting_2025' on page 7 undefined on input line 
54.


LaTeX Warning: Citation 'freire_modeling_2023' on page 7 undefined on input lin
e 54.


LaTeX Warning: Citation 'hu_modeling_2023' on page 7 undefined on input line 54
.


LaTeX Warning: Citation 'wang_achieving_2019' on page 7 undefined on input line
 54.


LaTeX Warning: Citation 'de_weerd_higher-order_2022' on page 7 undefined on inp
ut line 54.


LaTeX Warning: Citation 'perera_learning_2025' on page 7 undefined on input lin
e 54.


LaTeX Warning: Citation 'zhu_evolutionary_2025' on page 7 undefined on input li
ne 54.


LaTeX Warning: Citation 'di_coupling_2023' on page 7 undefined on input line 54
.


Overfull \hbox (60.31801pt too wide) in paragraph at lines 54--55
\T1/ptm/m/n/12 agen se-ka-li-gus po-ten-si di-ver-gen-si per-i-la-ku. Pen-de-ka
t-an pa-da [], [],
 []


Overfull \hbox (25.80663pt too wide) in paragraph at lines 54--55
[]\T1/ptm/m/n/12 , [], [], [],
 []


LaTeX Warning: Citation 'jin_achieving_2025' on page 7 undefined on input line 
136.


LaTeX Warning: Citation 'gomez_grounded_2025' on page 7 undefined on input line
 136.


LaTeX Warning: Citation 'elhamer_effects_2020' on page 7 undefined on input lin
e 136.


LaTeX Warning: Citation 'qiao_o2m_2024' on page 7 undefined on input line 136.


LaTeX Warning: Citation 'lv_inducing_2023' on page 7 undefined on input line 13
6.


LaTeX Warning: Citation 'li_exploiting_2025' on page 7 undefined on input line 
136.


LaTeX Warning: Citation 'freire_modeling_2023' on page 7 undefined on input lin
e 136.


LaTeX Warning: Citation 'hu_modeling_2023' on page 7 undefined on input line 13
6.


LaTeX Warning: Citation 'wang_achieving_2019' on page 7 undefined on input line
 136.


LaTeX Warning: Citation 'de_weerd_higher-order_2022' on page 7 undefined on inp
ut line 136.


LaTeX Warning: Citation 'perera_learning_2025' on page 7 undefined on input lin
e 136.


LaTeX Warning: Citation 'zhu_evolutionary_2025' on page 7 undefined on input li
ne 136.


LaTeX Warning: Citation 'di_coupling_2023' on page 7 undefined on input line 13
6.

[7] [8]

LaTeX Warning: Citation 'qiao_o2m_2024' on page 9 undefined on input line 160.


LaTeX Warning: Citation 'hu_modeling_2023' on page 9 undefined on input line 16
0.


LaTeX Warning: Citation 'wang_achieving_2019' on page 9 undefined on input line
 160.


LaTeX Warning: Citation 'freire_modeling_2023' on page 9 undefined on input lin
e 160.


LaTeX Warning: Citation 'de_weerd_higher-order_2022' on page 9 undefined on inp
ut line 160.


LaTeX Warning: Citation 'li_exploiting_2025' on page 9 undefined on input line 
160.


LaTeX Warning: Citation 'lv_inducing_2023' on page 9 undefined on input line 16
0.


LaTeX Warning: Citation 'perera_learning_2025' on page 9 undefined on input lin
e 160.


LaTeX Warning: Citation 'zhu_evolutionary_2025' on page 9 undefined on input li
ne 160.


LaTeX Warning: Citation 'di_coupling_2023' on page 9 undefined on input line 16
0.


LaTeX Warning: Citation 'elhamer_effects_2020' on page 9 undefined on input lin
e 160.


LaTeX Warning: Citation 'gomez_grounded_2025' on page 9 undefined on input line
 160.


Overfull \hbox (1.31158pt too wide) in paragraph at lines 160--161
[]\T1/ptm/m/n/12 Pendekatan-pendekatan ter-se-but da-pat di-be-dak-an le-bih la
n-jut ber-da-sark-an apa-
 []


Overfull \hbox (9.24644pt too wide) in paragraph at lines 160--161
\T1/ptm/m/n/12 del-an la-w-an yang eks-pli-sit^^Vseperti \T1/ptm/m/it/12 gradie
nt-based op-po-nent sha-ping []\T1/ptm/m/n/12 ;
 []


Overfull \hbox (52.9496pt too wide) in paragraph at lines 160--161
[]\T1/ptm/m/n/12 ; [], \T1/ptm/m/it/12 re-cur-si-ve be-li-ef re-a-so-ning []\T1
/ptm/m/n/12 ;
 []


Overfull \hbox (9.55725pt too wide) in paragraph at lines 160--161
[]\T1/ptm/m/n/12 , ser-ta \T1/ptm/m/it/12 sys-tem iden-ti-fi-ca-tion []\T1/ptm/
m/n/12 ^^Vsecara
 []


Overfull \hbox (57.35406pt too wide) in paragraph at lines 160--161
\T1/ptm/m/it/12 ning []\T1/ptm/m/n/12 , di-na-mi-ka evo-lu-sio-ner []; [];
 []


Overfull \hbox (5.44263pt too wide) in paragraph at lines 160--161
[]\T1/ptm/m/n/12 , dan \T1/ptm/m/it/12 bandit-based learning-in-games []\T1/ptm
/m/n/12 ,
 []


LaTeX Warning: Citation 'wang_achieving_2019' on page 9 undefined on input line
 173.


Overfull \hbox (54.92194pt too wide) in paragraph at lines 173--174
[]|[]| 
 []


LaTeX Warning: Citation 'gomez_grounded_2025' on page 9 undefined on input line
 178.


Overfull \hbox (60.87392pt too wide) in paragraph at lines 178--179
[]|[]| 
 []


Underfull \hbox (badness 10000) in paragraph at lines 181--182
[]|\T1/ptm/m/n/12 Multi-Armed Ban-dit
 []


LaTeX Warning: Citation 'zhu_evolutionary_2025' on page 9 undefined on input li
ne 183.


Overfull \hbox (62.1338pt too wide) in paragraph at lines 183--184
[]|[]| 
 []


LaTeX Warning: Citation 'elhamer_effects_2020' on page 9 undefined on input lin
e 188.


Overfull \hbox (53.72153pt too wide) in paragraph at lines 188--189
[]|[]| 
 []


LaTeX Warning: Citation 'perera_learning_2025' on page 9 undefined on input lin
e 193.


Overfull \hbox (55.35376pt too wide) in paragraph at lines 193--194
[]|[]| 
 []


Underfull \hbox (badness 1028) in paragraph at lines 195--196
[]|\T1/ptm/m/n/12 Population-based Tra-i-
 []


LaTeX Warning: Citation 'wang_achieving_2019' on page 9 undefined on input line
 198.


Overfull \hbox (54.92194pt too wide) in paragraph at lines 198--199
[]|[]| 
 []


Underfull \hbox (badness 10000) in paragraph at lines 200--201
[]|\T1/ptm/m/n/12 Reactive Re-in-for-ce-
 []


LaTeX Warning: Citation 'lv_inducing_2023' on page 9 undefined on input line 20
3.


Overfull \hbox (33.11774pt too wide) in paragraph at lines 203--204
[]|[]| 
 []


Underfull \hbox (badness 5490) in paragraph at lines 205--206
[]|\T1/ptm/m/n/12 Gradient-based Op-po-
 []


LaTeX Warning: Citation 'hu_modeling_2023' on page 9 undefined on input line 20
8.


Overfull \hbox (39.77782pt too wide) in paragraph at lines 208--209
[]|[]| 
 []


Underfull \hbox (badness 5490) in paragraph at lines 210--211
[]|\T1/ptm/m/n/12 Gradient-based Op-po-
 []


Underfull \hbox (badness 10000) in paragraph at lines 211--212
[]|\T1/ptm/m/n/12 Symmetric Le-ar-ning
 []


LaTeX Warning: Citation 'de_weerd_higher-order_2022' on page 9 undefined on inp
ut line 213.


Overfull \hbox (93.95723pt too wide) in paragraph at lines 213--214
[]|[]| 
 []


Underfull \hbox (badness 1231) in paragraph at lines 215--216
[]|\T1/ptm/m/n/12 Recursive Be-li-ef Re-a-
 []


LaTeX Warning: Citation 'li_exploiting_2025' on page 9 undefined on input line 
218.


Overfull \hbox (36.4416pt too wide) in paragraph at lines 218--219
[]|[]| 
 []

[9]
Overfull \hbox (1.86305pt too wide) in paragraph at lines 235--236
[]\T1/ptm/m/n/12 Dalam kon-teks ini, pen-de-kat-an ber-ba-sis mo-del se-ku-en-s
i-al me-mo-ri se-per-ti \T1/ptm/m/it/12 Long
 []


Overfull \hbox (1.03476pt too wide) in paragraph at lines 239--240
[]\T1/ptm/m/n/12 Selain itu, struk-tur re-ku-ren pa-da LS-TM me-mung-kink-an fo
-re-cast multi-langkah
 []

[10]

LaTeX Warning: Citation 'qiao_o2m_2024' on page 11 undefined on input line 247.



LaTeX Warning: Citation 'zhu_evolutionary_2025' on page 11 undefined on input l
ine 247.


LaTeX Warning: Citation 'lv_inducing_2023' on page 11 undefined on input line 2
47.


LaTeX Warning: Citation 'gomez_grounded_2025' on page 11 undefined on input lin
e 247.


Overfull \hbox (23.77695pt too wide) in paragraph at lines 247--248
\T1/ptm/m/n/12 se-la-ma pe-la-tih-an \T1/ptm/m/it/12 offli-ne \T1/ptm/m/n/12 se
r-ta aku-ra-si rep-re-sen-ta-si me-mo-ri la-ten. ([])
 []


LaTeX Warning: Citation 'di_coupling_2023' on page 11 undefined on input line 2
49.


LaTeX Warning: Citation 'elhamer_effects_2020' on page 11 undefined on input li
ne 249.


LaTeX Warning: Citation 'perera_learning_2025' on page 11 undefined on input li
ne 249.


LaTeX Warning: Citation 'li_exploiting_2025' on page 11 undefined on input line
 249.


LaTeX Warning: Citation 'freire_modeling_2023' on page 11 undefined on input li
ne 249.


LaTeX Warning: Citation 'hu_modeling_2023' on page 11 undefined on input line 2
49.


Overfull \hbox (45.32735pt too wide) in paragraph at lines 249--250
[]\T1/ptm/m/n/12 Dalam kon-teks di-na-mi-ka evo-lu-sio-ner ([]) dan ([])
 []


Overfull \hbox (22.4089pt too wide) in paragraph at lines 249--250
\T1/ptm/m/n/12 per-ti ting-kat ker-ja sa-ma, frak-si ko-o-pe-ra-tor, ser-ta sta
-bi-li-tas klas-ter. ([])
 []


Overfull \hbox (38.76509pt too wide) in paragraph at lines 249--250
\T1/ptm/m/n/12 dan pa-yo-ff ku-mu-la-tif se-ba-gai in-di-ka-tor efek-ti-vi-tas 
eks-plo-i-ta-si la-w-an. ([])
 []

[11]

LaTeX Warning: Citation 'wang_achieving_2019' on page 12 undefined on input lin
e 251.


LaTeX Warning: Citation 'jin_achieving_2025' on page 12 undefined on input line
 251.


LaTeX Warning: Citation 'de_weerd_higher-order_2022' on page 12 undefined on in
put line 251.


LaTeX Warning: Citation 'qiao_o2m_2024' on page 12 undefined on input line 276.



LaTeX Warning: Citation 'zhu_evolutionary_2025' on page 12 undefined on input l
ine 276.


LaTeX Warning: Citation 'lv_inducing_2023' on page 12 undefined on input line 2
76.


LaTeX Warning: Citation 'gomez_grounded_2025' on page 12 undefined on input lin
e 276.


LaTeX Warning: Citation 'di_coupling_2023' on page 12 undefined on input line 2
76.


LaTeX Warning: Citation 'perera_learning_2025' on page 12 undefined on input li
ne 276.


LaTeX Warning: Citation 'li_exploiting_2025' on page 12 undefined on input line
 276.


LaTeX Warning: Citation 'freire_modeling_2023' on page 12 undefined on input li
ne 276.


LaTeX Warning: Citation 'hu_modeling_2023' on page 12 undefined on input line 2
76.


LaTeX Warning: Citation 'elhamer_effects_2020' on page 12 undefined on input li
ne 276.


LaTeX Warning: Citation 'wang_achieving_2019' on page 12 undefined on input lin
e 276.


LaTeX Warning: Citation 'jin_achieving_2025' on page 12 undefined on input line
 276.


LaTeX Warning: Citation 'de_weerd_higher-order_2022' on page 12 undefined on in
put line 276.


LaTeX Warning: Citation 'qiao_o2m_2024' on page 12 undefined on input line 331.



Overfull \hbox (39.60466pt too wide) in paragraph at lines 331--331
[]| []| 
 []


Underfull \hbox (badness 10000) in paragraph at lines 331--331
[]|\T1/ptm/m/n/12 Online Op-po-nent
 []


Underfull \hbox (badness 1286) in paragraph at lines 331--331
\T1/ptm/m/n/12 pe-ro-leh rata-rata re-wa-rd le-bih ting-gi di-ban-
 []


LaTeX Warning: Citation 'zhu_evolutionary_2025' on page 12 undefined on input l
ine 331.


Overfull \hbox (78.64021pt too wide) in paragraph at lines 331--331
[]| []| 
 []


Underfull \hbox (badness 10000) in paragraph at lines 331--331
[]|\T1/ptm/m/n/12 Zero De-ter-mi-nant
 []


Underfull \hbox (badness 2626) in paragraph at lines 331--331
[]|\T1/ptm/m/n/12 Proporsi akhir ker-ja sa-ma me-le-bi-hi stra-te-
 []


LaTeX Warning: Citation 'lv_inducing_2023' on page 12 undefined on input line 3
31.


Overfull \hbox (49.62415pt too wide) in paragraph at lines 331--331
[]| []| 
 []


Underfull \hbox (badness 1132) in paragraph at lines 331--331
[]|\T1/ptm/m/n/12 Mendeteksi per-u-bah-an stra-te-gi la-w-an se-ca-ra
 []


LaTeX Warning: Citation 'gomez_grounded_2025' on page 12 undefined on input lin
e 331.


Overfull \hbox (77.38033pt too wide) in paragraph at lines 331--331
[]| []| 
 []


LaTeX Warning: Citation 'di_coupling_2023' on page 12 undefined on input line 3
31.


Overfull \hbox (49.62415pt too wide) in paragraph at lines 331--331
[]| []| 
 []


Underfull \hbox (badness 10000) in paragraph at lines 331--331
[]|\T1/ptm/m/n/12 Environment-
 []


Underfull \hbox (badness 10000) in paragraph at lines 331--331
\T1/ptm/m/n/12 Strategy Co-u-pling
 []


LaTeX Warning: Citation 'perera_learning_2025' on page 12 undefined on input li
ne 331.


Overfull \hbox (71.86017pt too wide) in paragraph at lines 331--331
[]| []| 
 []


Underfull \hbox (badness 10000) in paragraph at lines 331--331
[]|\T1/ptm/m/n/12 Ensemble-Training
 []


LaTeX Warning: Citation 'li_exploiting_2025' on page 12 undefined on input line
 331.


Overfull \hbox (52.94801pt too wide) in paragraph at lines 331--331
[]| []| 
 []


LaTeX Warning: Citation 'freire_modeling_2023' on page 12 undefined on input li
ne 331.


Overfull \hbox (71.15207pt too wide) in paragraph at lines 331--331
[]| []| 
 []


LaTeX Warning: Citation 'hu_modeling_2023' on page 12 undefined on input line 3
31.


Overfull \hbox (56.28423pt too wide) in paragraph at lines 331--331
[]| []| 
 []


LaTeX Warning: Citation 'elhamer_effects_2020' on page 12 undefined on input li
ne 331.


Overfull \hbox (70.22794pt too wide) in paragraph at lines 331--331
[]| []| 
 []


Underfull \hbox (badness 2875) in paragraph at lines 331--331
\T1/ptm/m/n/12 ti-cle Swarm (SPS)
 []


LaTeX Warning: Citation 'wang_achieving_2019' on page 12 undefined on input lin
e 331.


Overfull \hbox (71.42834pt too wide) in paragraph at lines 331--331
[]| []| 
 []


Underfull \hbox (badness 10000) in paragraph at lines 331--331
[]|\T1/ptm/m/n/12 Deep Mul-ti-a-gent
 []


Underfull \hbox (badness 10000) in paragraph at lines 331--331
\T1/ptm/m/n/12 Re-in-for-ce-ment Le-
 []


LaTeX Warning: Citation 'jin_achieving_2025' on page 12 undefined on input line
 331.


Overfull \hbox (58.09622pt too wide) in paragraph at lines 331--331
[]| []| 
 []


Underfull \hbox (badness 3536) in paragraph at lines 331--331
[]|\T1/ptm/m/n/12 Suggestion Sha-ring
 []


LaTeX Warning: Citation 'de_weerd_higher-order_2022' on page 12 undefined on in
put line 331.


Overfull \hbox (110.46364pt too wide) in paragraph at lines 331--331
[]| []| 
 []


Underfull \hbox (badness 3724) in paragraph at lines 331--331
\T1/ptm/m/n/12 of Mind (ToM $\OML/cmm/m/it/12 k$\T1/ptm/m/n/12 ,
 []


Underfull \hbox (badness 10000) in alignment at lines 331--331
[][][] 
 []


LaTeX Warning: Float too large for page by 6.35329pt on input line 332.

[12] [13] [14]) [15]
\bbl@ensure@indonesian {BAB} III.
(./file_bab3.tex

LaTeX Warning: Citation 'axelrod_evolution_1981' on page 16 undefined on input 
line 3.


LaTeX Warning: Citation 'bonanno_game_2024' on page 16 undefined on input line 
18.


Overfull \hbox (0.20752pt too wide) in paragraph at lines 18--19
[]\T1/ptm/m/n/12 teori per-ma-in-an mem-be-rik-an ke-rang-ka for-mal yang me-mo
-delk-an pe-ma-in, stra-
 []


LaTeX Warning: Citation 'axelrod_evolution_1981' on page 16 undefined on input 
line 35.

[16

]
LaTeX Font Info:    Trying to load font information for TS1+ptm on input line 6
6.
 (/usr/share/texlive/texmf-dist/tex/latex/psnfss/ts1ptm.fd
File: ts1ptm.fd 2001/06/04 font definitions for TS1/ptm.
) [17]
<Images/dfa.png, id=486, 853.1875pt x 1115.16624pt>
File: Images/dfa.png Graphic file (type png)
<use Images/dfa.png>
Package pdftex.def Info: Images/dfa.png  used on input line 76.
(pdftex.def)             Requested size: 383.12367pt x 500.7704pt.


LaTeX Warning: Citation 'reiter_deterministic_strategies_2014' on page 18 undef
ined on input line 77.


LaTeX Warning: Citation 'reiter_deterministic_strategies_2014' on page 18 undef
ined on input line 77.


Underfull \hbox (badness 10000) in paragraph at lines 77--77
[]\T1/ptm/b/n/12 Gambar 3.1 |Fi-ni-te Au-to-ma-ta un-tuk stra-te-gi IPD
 []

[18 <./Images/dfa.png>]

LaTeX Warning: Citation 'bonanno_game_2024' on page 19 undefined on input line 
89.


LaTeX Warning: Citation 'bonanno_game_2024' on page 19 undefined on input line 
102.


LaTeX Warning: Citation 'bonanno_game_2024' on page 19 undefined on input line 
110.


LaTeX Warning: Citation 'bonanno_game_2024' on page 19 undefined on input line 
112.


LaTeX Warning: Citation 'bonanno_game_2024' on page 19 undefined on input line 
114.

[19]

LaTeX Warning: Citation 'bonanno_game_2024' on page 20 undefined on input line 
116.


LaTeX Warning: Citation 'bonanno_game_2024' on page 20 undefined on input line 
129.


LaTeX Warning: Citation 'shoham_multiagent_2009' on page 20 undefined on input 
line 133.

[20]

LaTeX Warning: Citation 'hochreiter_long_1997' on page 21 undefined on input li
ne 145.


LaTeX Warning: Citation 'hochreiter_long_1997' on page 21 undefined on input li
ne 149.

<Images/LSTM.png, id=501, 1409.265pt x 877.2775pt>
File: Images/LSTM.png Graphic file (type png)
<use Images/LSTM.png>
Package pdftex.def Info: Images/LSTM.png  used on input line 155.
(pdftex.def)             Requested size: 402.2038pt x 250.38042pt.
[21 <./Images/LSTM.png>] [22] [23]

LaTeX Warning: Citation 'nashed_survey_2022' on page 24 undefined on input line
 220.

[24] [25]
<Images/teacherForcing.png, id=534, 1063.975pt x 803.0pt>
File: Images/teacherForcing.png Graphic file (type png)
<use Images/teacherForcing.png>
Package pdftex.def Info: Images/teacherForcing.png  used on input line 336.
(pdftex.def)             Requested size: 366.18454pt x 276.36139pt.
 [26]

LaTeX Warning: Citation 'zhu_negative_2018' on page 27 undefined on input line 
362.

[27 <./Images/teacherForcing.png>] [28]

LaTeX Warning: Citation 'barron1996decision' on page 29 undefined on input line
 415.


LaTeX Warning: Citation 'barron1996decision' on page 29 undefined on input line
 437.


LaTeX Warning: Citation 'stillwell1981preference' on page 29 undefined on input
 line 443.

) [29]
\bbl@ensure@indonesian {BAB} IV.
(./file_bab4.tex
<Images/AlurPenelitian.png, id=557, 2810.5pt x 798.48312pt>
File: Images/AlurPenelitian.png Graphic file (type png)
<use Images/AlurPenelitian.png>
Package pdftex.def Info: Images/AlurPenelitian.png  used on input line 11.
(pdftex.def)             Requested size: 366.18454pt x 104.02576pt.

Overfull \hbox (0.83092pt too wide) in paragraph at lines 17--20
[]\T1/ptm/m/n/12 Penelitian ini mem-per-tim-bangk-an ske-na-rio \T1/ptm/m/it/12
 Ite-ra-ted Pri-so-ner's Di-lem-ma \T1/ptm/m/n/12 (IPD)
 []

[30

 <./Images/AlurPenelitian.png>]

LaTeX Warning: Reference `AlurBesar' on page 31 undefined on input line 57.


Overfull \hbox (4.17929pt too wide) in paragraph at lines 57--59
[]\T1/ptm/m/n/12 Algoritma yang di-gu-nak-an da-lam pe-ne-li-ti-an ini meng-gu-
nak-an LS-TM dan Mon-
 []

[31]
<Images/Alur_besar.png, id=568, 2922.92pt x 2248.4pt>
File: Images/Alur_besar.png Graphic file (type png)
<use Images/Alur_besar.png>
Package pdftex.def Info: Images/Alur_besar.png  used on input line 72.
(pdftex.def)             Requested size: 366.18454pt x 281.66685pt.
 [32]
<Images/Trust.png, id=575, 952.55875pt x 899.36pt>
File: Images/Trust.png Graphic file (type png)
<use Images/Trust.png>
Package pdftex.def Info: Images/Trust.png  used on input line 97.
(pdftex.def)             Requested size: 203.43724pt x 192.06865pt.
 [33 <./Images/Alur_besar.png>]
Overfull \hbox (4.5531pt too wide) in paragraph at lines 106--107
\T1/ptm/m/n/12 trum per-i-la-ku yang rep-re-sen-ta-tif ter-ha-dap di-na-mi-ka I
te-ra-ted Pri-so-ner's Di-lem-ma (IPD).
 []

[34 <./Images/Trust.png>] [35] [36] [37] [38] [39] [40] [41]
Overfull \hbox (0.30264pt too wide) in paragraph at lines 455--456
[]\T1/ptm/m/n/12 Pendekatan ini me-mung-kink-an ana-li-sis em-pi-ris ter-ha-dap
 po-ten-si mi-sa-lig-nment
 []

[42]
Overfull \hbox (2.58453pt too wide) in paragraph at lines 502--503
 []\T1/ptm/b/n/12 Skema Pem-bo-bot-an Rank Order Cen-tro-id (ROC)[] \T1/ptm/m/n
/12 Un-tuk meng-on-trol kon-
 []

[43]
Overfull \hbox (0.30264pt too wide) in paragraph at lines 558--559
[]\T1/ptm/m/n/12 Pendekatan ini me-mung-kink-an ana-li-sis em-pi-ris ter-ha-dap
 po-ten-si mi-sa-lig-nment
 []

[44]
Overfull \hbox (2.58453pt too wide) in paragraph at lines 614--615
 []\T1/ptm/b/n/12 Skema Pem-bo-bot-an Rank Order Cen-tro-id (ROC)[] \T1/ptm/m/n
/12 Un-tuk meng-on-trol kon-
 []

[45] [46] [47] [48] [49] [50] [51]) [52]
\bbl@ensure@indonesian {BAB} V.
(./file_bab5.tex
Overfull \hbox (8.77493pt too wide) in paragraph at lines 24--49
 [][] 
 []

[53

] [54]
Package textcomp Info: Symbol \textrightarrow not provided by
(textcomp)             font family ptm in TS1 encoding.
(textcomp)             Default family used instead on input line 69.
Package textcomp Info: Symbol \textrightarrow not provided by
(textcomp)             font family ptm in TS1 encoding.
(textcomp)             Default family used instead on input line 69.
) [55]
\bbl@ensure@indonesian {BAB} VI.
(./file_bab6.tex
Overfull \hbox (5.41815pt too wide) in paragraph at lines 1--2
\T1/ptm/m/n/12 langkah da-lam \T1/ptm/m/it/12 op-po-nent mo-de-lling \T1/ptm/m/
n/12 dan ke-bu-tuh-an per-en-ca-na-an stra-te-gis multi-langkah
 []

) [56

]

LaTeX Warning: Empty bibliography on input line 212.

[57

] (./hasil_eksperimen.tex) [58


] (./index.aux)
 ***********
LaTeX2e <2023-11-01> patch level 1
L3 programming layer <2020/03/25>
 ***********


LaTeX Warning: There were undefined references.


LaTeX Warning: There were multiply-defined labels.

Package rerunfilecheck Info: File `index.out' has not changed.
(rerunfilecheck)             Checksum: CE49CF3E6C56C94F89E13F23A31A53AF;10448.

Package biblatex Warning: Please (re)run Biber on the file:
(biblatex)                index
(biblatex)                and rerun LaTeX afterwards.

Package logreq Info: Writing requests to 'index.run.xml'.
\openout1 = `index.run.xml'.

 ) 
Here is how much of TeX's memory you used:
 43580 strings out of 475597
 857990 string characters out of 5783339
 1950975 words of memory out of 5000000
 64682 multiletter control sequences out of 15000+600000
 595444 words of font info for 84 fonts, out of 8000000 for 9000
 309 hyphenation exceptions out of 8191
 125i,12n,121p,1141b,1347s stack positions out of 10000i,1000n,20000p,200000b,200000s
 </home/paqh/.texlive2023/texmf-var/fonts/pk/ljfour/jknappen/ec/tcrm1200.600p
k></usr/share/texlive/texmf-dist/fonts/type1/public/amsfonts/cm/cmbx12.pfb></us
r/share/texlive/texmf-dist/fonts/type1/public/amsfonts/cm/cmex10.pfb></usr/shar
e/texlive/texmf-dist/fonts/type1/public/amsfonts/cm/cmmi12.pfb></usr/share/texl
ive/texmf-dist/fonts/type1/public/amsfonts/cm/cmmi8.pfb></usr/share/texlive/tex
mf-dist/fonts/type1/public/amsfonts/cm/cmr12.pfb></usr/share/texlive/texmf-dist
/fonts/type1/public/amsfonts/cm/cmr8.pfb></usr/share/texlive/texmf-dist/fonts/t
ype1/public/amsfonts/cm/cmsy10.pfb></usr/share/texlive/texmf-dist/fonts/type1/p
ublic/amsfonts/cm/cmsy8.pfb></usr/share/texlive/texmf-dist/fonts/type1/public/a
msfonts/symbols/msam10.pfb></usr/share/texlive/texmf-dist/fonts/type1/public/am
sfonts/symbols/msbm10.pfb></usr/share/texlive/texmf-dist/fonts/type1/urw/times/
utmb8a.pfb></usr/share/texlive/texmf-dist/fonts/type1/urw/times/utmb8a.pfb></us
r/share/texlive/texmf-dist/fonts/type1/urw/times/utmbi8a.pfb></usr/share/texliv
e/texmf-dist/fonts/type1/urw/times/utmr8a.pfb></usr/share/texlive/texmf-dist/fo
nts/type1/urw/times/utmri8a.pfb>
Output written on index.pdf (66 pages, 1845537 bytes).
PDF statistics:
 898 PDF objects out of 1000 (max. 8388607)
 778 compressed objects within 8 object streams
 259 named destinations out of 1000 (max. 500000)
 512 words of extra memory for PDF output out of 10000 (max. 10000000)

